Command line invocation:
    /Applications/Xcode.app/Contents/Developer/usr/bin/xcodebuild -project ManualBox.xcodeproj -scheme ManualBox -destination platform=macOS test

--- xcodebuild: WARNING: Using the first of multiple matching destinations:
{ platform:macOS, arch:arm64, id:00006040-000A29881404801C, name:My Mac }
{ platform:macOS, arch:x86_64, id:00006040-000A29881404801C, name:My Mac }
ComputePackagePrebuildTargetDependencyGraph

Prepare packages

CreateBuildRequest

SendProjectDescription

CreateBuildOperation

ComputeTargetDependencyGraph
note: Building targets in dependency order
note: Target dependency graph (3 targets)
    Target 'ManualBoxTests' in project 'ManualBox'
        ➜ Explicit dependency on target 'ManualBox' in project 'ManualBox'
    Target 'ManualBoxUITests' in project 'ManualBox'
        ➜ Explicit dependency on target 'ManualBox' in project 'ManualBox'
    Target 'ManualBox' in project 'ManualBox' (no dependencies)

GatherProvisioningInputs

CreateBuildDescription

ExecuteExternalTool /Applications/Xcode.app/Contents/Developer/Toolchains/XcodeDefault.xctoolchain/usr/bin/swiftc --version

ExecuteExternalTool /Applications/Xcode.app/Contents/Developer/Toolchains/XcodeDefault.xctoolchain/usr/bin/clang -v -E -dM -isysroot /Applications/Xcode.app/Contents/Developer/Platforms/MacOSX.platform/Developer/SDKs/MacOSX15.5.sdk -x c -c /dev/null

ExecuteExternalTool /Applications/Xcode.app/Contents/Developer/usr/bin/momc --dry-run --action generate --swift-version 5.0 --sdkroot /Applications/Xcode.app/Contents/Developer/Platforms/MacOSX.platform/Developer/SDKs/MacOSX15.5.sdk --macosx-deployment-target 15.0 --module ManualBox /Users/peter_us/Desktop/Github/manualbox/ManualBox/ManualBox.xcdatamodeld /Users/peter_us/Library/Developer/Xcode/DerivedData/ManualBox-deaeebpyffrazpbischepzonjpmw/Build/Intermediates.noindex/ManualBox.build/Debug/ManualBox.build/DerivedSources/CoreDataGenerated/ManualBox

ExecuteExternalTool /Applications/Xcode.app/Contents/Developer/usr/bin/actool --version --output-format xml1

ExecuteExternalTool /Applications/Xcode.app/Contents/Developer/Toolchains/XcodeDefault.xctoolchain/usr/bin/ld -version_details

Build description signature: e37b7fd001319b17d13d0cf5f28ef0e0
Build description path: /Users/peter_us/Library/Developer/Xcode/DerivedData/ManualBox-deaeebpyffrazpbischepzonjpmw/Build/Intermediates.noindex/XCBuildData/e37b7fd001319b17d13d0cf5f28ef0e0.xcbuilddata
ClangStatCache /Applications/Xcode.app/Contents/Developer/Toolchains/XcodeDefault.xctoolchain/usr/bin/clang-stat-cache /Applications/Xcode.app/Contents/Developer/Platforms/MacOSX.platform/Developer/SDKs/MacOSX15.5.sdk /Users/peter_us/Library/Developer/Xcode/DerivedData/SDKStatCaches.noindex/macosx15.5-24F74-8254517eb8b97d462ccbc072ba9094c9.sdkstatcache
    cd /Users/peter_us/Desktop/Github/manualbox/ManualBox.xcodeproj
    /Applications/Xcode.app/Contents/Developer/Toolchains/XcodeDefault.xctoolchain/usr/bin/clang-stat-cache /Applications/Xcode.app/Contents/Developer/Platforms/MacOSX.platform/Developer/SDKs/MacOSX15.5.sdk -o /Users/peter_us/Library/Developer/Xcode/DerivedData/SDKStatCaches.noindex/macosx15.5-24F74-8254517eb8b97d462ccbc072ba9094c9.sdkstatcache

WriteAuxiliaryFile /Users/peter_us/Library/Developer/Xcode/DerivedData/ManualBox-deaeebpyffrazpbischepzonjpmw/Build/Intermediates.noindex/ManualBox.build/Debug/ManualBoxUITests.build/Objects-normal/arm64/ManualBoxUITests.SwiftFileList (in target 'ManualBoxUITests' from project 'ManualBox')
    cd /Users/peter_us/Desktop/Github/manualbox
    write-file /Users/peter_us/Library/Developer/Xcode/DerivedData/ManualBox-deaeebpyffrazpbischepzonjpmw/Build/Intermediates.noindex/ManualBox.build/Debug/ManualBoxUITests.build/Objects-normal/arm64/ManualBoxUITests.SwiftFileList

WriteAuxiliaryFile /Users/peter_us/Library/Developer/Xcode/DerivedData/ManualBox-deaeebpyffrazpbischepzonjpmw/Build/Intermediates.noindex/ManualBox.build/Debug/ManualBoxUITests.build/Objects-normal/arm64/ManualBoxUITests.SwiftConstValuesFileList (in target 'ManualBoxUITests' from project 'ManualBox')
    cd /Users/peter_us/Desktop/Github/manualbox
    write-file /Users/peter_us/Library/Developer/Xcode/DerivedData/ManualBox-deaeebpyffrazpbischepzonjpmw/Build/Intermediates.noindex/ManualBox.build/Debug/ManualBoxUITests.build/Objects-normal/arm64/ManualBoxUITests.SwiftConstValuesFileList

WriteAuxiliaryFile /Users/peter_us/Library/Developer/Xcode/DerivedData/ManualBox-deaeebpyffrazpbischepzonjpmw/Build/Intermediates.noindex/ManualBox.build/Debug/ManualBoxTests.build/Objects-normal/arm64/ManualBoxTests.SwiftFileList (in target 'ManualBoxTests' from project 'ManualBox')
    cd /Users/peter_us/Desktop/Github/manualbox
    write-file /Users/peter_us/Library/Developer/Xcode/DerivedData/ManualBox-deaeebpyffrazpbischepzonjpmw/Build/Intermediates.noindex/ManualBox.build/Debug/ManualBoxTests.build/Objects-normal/arm64/ManualBoxTests.SwiftFileList

WriteAuxiliaryFile /Users/peter_us/Library/Developer/Xcode/DerivedData/ManualBox-deaeebpyffrazpbischepzonjpmw/Build/Intermediates.noindex/ManualBox.build/Debug/ManualBoxUITests.build/Objects-normal/arm64/ManualBoxUITests.LinkFileList (in target 'ManualBoxUITests' from project 'ManualBox')
    cd /Users/peter_us/Desktop/Github/manualbox
    write-file /Users/peter_us/Library/Developer/Xcode/DerivedData/ManualBox-deaeebpyffrazpbischepzonjpmw/Build/Intermediates.noindex/ManualBox.build/Debug/ManualBoxUITests.build/Objects-normal/arm64/ManualBoxUITests.LinkFileList

WriteAuxiliaryFile /Users/peter_us/Library/Developer/Xcode/DerivedData/ManualBox-deaeebpyffrazpbischepzonjpmw/Build/Intermediates.noindex/ManualBox.build/Debug/ManualBoxTests.build/Objects-normal/arm64/ManualBoxTests.SwiftConstValuesFileList (in target 'ManualBoxTests' from project 'ManualBox')
    cd /Users/peter_us/Desktop/Github/manualbox
    write-file /Users/peter_us/Library/Developer/Xcode/DerivedData/ManualBox-deaeebpyffrazpbischepzonjpmw/Build/Intermediates.noindex/ManualBox.build/Debug/ManualBoxTests.build/Objects-normal/arm64/ManualBoxTests.SwiftConstValuesFileList

WriteAuxiliaryFile /Users/peter_us/Library/Developer/Xcode/DerivedData/ManualBox-deaeebpyffrazpbischepzonjpmw/Build/Intermediates.noindex/ManualBox.build/Debug/ManualBoxTests.build/Objects-normal/arm64/ManualBoxTests.LinkFileList (in target 'ManualBoxTests' from project 'ManualBox')
    cd /Users/peter_us/Desktop/Github/manualbox
    write-file /Users/peter_us/Library/Developer/Xcode/DerivedData/ManualBox-deaeebpyffrazpbischepzonjpmw/Build/Intermediates.noindex/ManualBox.build/Debug/ManualBoxTests.build/Objects-normal/arm64/ManualBoxTests.LinkFileList

WriteAuxiliaryFile /Users/peter_us/Library/Developer/Xcode/DerivedData/ManualBox-deaeebpyffrazpbischepzonjpmw/Build/Intermediates.noindex/ManualBox.build/Debug/ManualBox.build/Objects-normal/arm64/ManualBox.SwiftFileList (in target 'ManualBox' from project 'ManualBox')
    cd /Users/peter_us/Desktop/Github/manualbox
    write-file /Users/peter_us/Library/Developer/Xcode/DerivedData/ManualBox-deaeebpyffrazpbischepzonjpmw/Build/Intermediates.noindex/ManualBox.build/Debug/ManualBox.build/Objects-normal/arm64/ManualBox.SwiftFileList

MkDir /Users/peter_us/Library/Developer/Xcode/DerivedData/ManualBox-deaeebpyffrazpbischepzonjpmw/Build/Products/Debug/ManualBox.app/Contents/PlugIns/ManualBoxTests.xctest (in target 'ManualBoxTests' from project 'ManualBox')
    cd /Users/peter_us/Desktop/Github/manualbox
    /bin/mkdir -p /Users/peter_us/Library/Developer/Xcode/DerivedData/ManualBox-deaeebpyffrazpbischepzonjpmw/Build/Products/Debug/ManualBox.app/Contents/PlugIns/ManualBoxTests.xctest

WriteAuxiliaryFile /Users/peter_us/Library/Developer/Xcode/DerivedData/ManualBox-deaeebpyffrazpbischepzonjpmw/Build/Intermediates.noindex/ManualBox.build/Debug/ManualBox.build/Objects-normal/arm64/ManualBox.SwiftConstValuesFileList (in target 'ManualBox' from project 'ManualBox')
    cd /Users/peter_us/Desktop/Github/manualbox
    write-file /Users/peter_us/Library/Developer/Xcode/DerivedData/ManualBox-deaeebpyffrazpbischepzonjpmw/Build/Intermediates.noindex/ManualBox.build/Debug/ManualBox.build/Objects-normal/arm64/ManualBox.SwiftConstValuesFileList

WriteAuxiliaryFile /Users/peter_us/Library/Developer/Xcode/DerivedData/ManualBox-deaeebpyffrazpbischepzonjpmw/Build/Intermediates.noindex/ManualBox.build/Debug/ManualBox.build/Objects-normal/arm64/ManualBox.LinkFileList (in target 'ManualBox' from project 'ManualBox')
    cd /Users/peter_us/Desktop/Github/manualbox
    write-file /Users/peter_us/Library/Developer/Xcode/DerivedData/ManualBox-deaeebpyffrazpbischepzonjpmw/Build/Intermediates.noindex/ManualBox.build/Debug/ManualBox.build/Objects-normal/arm64/ManualBox.LinkFileList

MkDir /Users/peter_us/Library/Developer/Xcode/DerivedData/ManualBox-deaeebpyffrazpbischepzonjpmw/Build/Products/Debug/ManualBox.app/Contents/PlugIns (in target 'ManualBox' from project 'ManualBox')
    cd /Users/peter_us/Desktop/Github/manualbox
    /bin/mkdir -p /Users/peter_us/Library/Developer/Xcode/DerivedData/ManualBox-deaeebpyffrazpbischepzonjpmw/Build/Products/Debug/ManualBox.app/Contents/PlugIns

MkDir /Users/peter_us/Library/Developer/Xcode/DerivedData/ManualBox-deaeebpyffrazpbischepzonjpmw/Build/Products/Debug/ManualBox.app/Contents/Frameworks (in target 'ManualBox' from project 'ManualBox')
    cd /Users/peter_us/Desktop/Github/manualbox
    /bin/mkdir -p /Users/peter_us/Library/Developer/Xcode/DerivedData/ManualBox-deaeebpyffrazpbischepzonjpmw/Build/Products/Debug/ManualBox.app/Contents/Frameworks

MkDir /Users/peter_us/Library/Developer/Xcode/DerivedData/ManualBox-deaeebpyffrazpbischepzonjpmw/Build/Products/Debug/ManualBox.app/Contents/PlugIns/ManualBoxTests.xctest/Contents (in target 'ManualBoxTests' from project 'ManualBox')
    cd /Users/peter_us/Desktop/Github/manualbox
    /bin/mkdir -p /Users/peter_us/Library/Developer/Xcode/DerivedData/ManualBox-deaeebpyffrazpbischepzonjpmw/Build/Products/Debug/ManualBox.app/Contents/PlugIns/ManualBoxTests.xctest/Contents

MkDir /Users/peter_us/Library/Developer/Xcode/DerivedData/ManualBox-deaeebpyffrazpbischepzonjpmw/Build/Products/Debug/ManualBox.app/Contents/PlugIns/ManualBoxTests.xctest/Contents/MacOS (in target 'ManualBoxTests' from project 'ManualBox')
    cd /Users/peter_us/Desktop/Github/manualbox
    /bin/mkdir -p /Users/peter_us/Library/Developer/Xcode/DerivedData/ManualBox-deaeebpyffrazpbischepzonjpmw/Build/Products/Debug/ManualBox.app/Contents/PlugIns/ManualBoxTests.xctest/Contents/MacOS

ProcessProductPackaging /Users/peter_us/Desktop/Github/manualbox/ManualBox/ManualBox.entitlements /Users/peter_us/Library/Developer/Xcode/DerivedData/ManualBox-deaeebpyffrazpbischepzonjpmw/Build/Intermediates.noindex/ManualBox.build/Debug/ManualBox.build/ManualBox.app.xcent (in target 'ManualBox' from project 'ManualBox')
    cd /Users/peter_us/Desktop/Github/manualbox
    
    Entitlements:
    
    {
    "com.apple.application-identifier" = "F883XBKWR3.com.peter.ManualBox";
    "com.apple.developer.aps-environment" = development;
    "com.apple.developer.icloud-container-identifiers" =     (
        "iCloud.com.peter.ManualBox"
    );
    "com.apple.developer.icloud-services" =     (
        CloudKit
    );
    "com.apple.developer.team-identifier" = F883XBKWR3;
    "com.apple.security.app-sandbox" = 1;
    "com.apple.security.files.user-selected.read-only" = 1;
    "com.apple.security.get-task-allow" = 1;
    "com.apple.security.network.client" = 1;
    "com.apple.security.network.notifications" = 1;
    "com.apple.security.personal-information.calendars" = 1;
    "com.apple.security.personal-information.location" = 1;
}
    
    builtin-productPackagingUtility /Users/peter_us/Desktop/Github/manualbox/ManualBox/ManualBox.entitlements -entitlements -format xml -o /Users/peter_us/Library/Developer/Xcode/DerivedData/ManualBox-deaeebpyffrazpbischepzonjpmw/Build/Intermediates.noindex/ManualBox.build/Debug/ManualBox.build/ManualBox.app.xcent

ProcessProductPackagingDER /Users/peter_us/Library/Developer/Xcode/DerivedData/ManualBox-deaeebpyffrazpbischepzonjpmw/Build/Intermediates.noindex/ManualBox.build/Debug/ManualBox.build/ManualBox.app.xcent /Users/peter_us/Library/Developer/Xcode/DerivedData/ManualBox-deaeebpyffrazpbischepzonjpmw/Build/Intermediates.noindex/ManualBox.build/Debug/ManualBox.build/ManualBox.app.xcent.der (in target 'ManualBox' from project 'ManualBox')
    cd /Users/peter_us/Desktop/Github/manualbox
    /usr/bin/derq query -f xml -i /Users/peter_us/Library/Developer/Xcode/DerivedData/ManualBox-deaeebpyffrazpbischepzonjpmw/Build/Intermediates.noindex/ManualBox.build/Debug/ManualBox.build/ManualBox.app.xcent -o /Users/peter_us/Library/Developer/Xcode/DerivedData/ManualBox-deaeebpyffrazpbischepzonjpmw/Build/Intermediates.noindex/ManualBox.build/Debug/ManualBox.build/ManualBox.app.xcent.der --raw

Copy /Users/peter_us/Library/Developer/Xcode/DerivedData/ManualBox-deaeebpyffrazpbischepzonjpmw/Build/Products/Debug/ManualBox.app/Contents/Frameworks/XCTest.framework /Applications/Xcode.app/Contents/Developer/Platforms/MacOSX.platform/Developer/Library/Frameworks/XCTest.framework (in target 'ManualBox' from project 'ManualBox')
    cd /Users/peter_us/Desktop/Github/manualbox
    builtin-copy -exclude .DS_Store -exclude CVS -exclude .svn -exclude .git -exclude .hg -exclude Headers -exclude PrivateHeaders -exclude Modules -exclude \*.tbd -resolve-src-symlinks /Applications/Xcode.app/Contents/Developer/Platforms/MacOSX.platform/Developer/Library/Frameworks/XCTest.framework /Users/peter_us/Library/Developer/Xcode/DerivedData/ManualBox-deaeebpyffrazpbischepzonjpmw/Build/Products/Debug/ManualBox.app/Contents/Frameworks

Copy /Users/peter_us/Library/Developer/Xcode/DerivedData/ManualBox-deaeebpyffrazpbischepzonjpmw/Build/Products/Debug/ManualBox.app/Contents/Frameworks/XCTAutomationSupport.framework /Applications/Xcode.app/Contents/Developer/Platforms/MacOSX.platform/Developer/Library/PrivateFrameworks/XCTAutomationSupport.framework (in target 'ManualBox' from project 'ManualBox')
    cd /Users/peter_us/Desktop/Github/manualbox
    builtin-copy -exclude .DS_Store -exclude CVS -exclude .svn -exclude .git -exclude .hg -exclude Headers -exclude PrivateHeaders -exclude Modules -exclude \*.tbd -resolve-src-symlinks /Applications/Xcode.app/Contents/Developer/Platforms/MacOSX.platform/Developer/Library/PrivateFrameworks/XCTAutomationSupport.framework /Users/peter_us/Library/Developer/Xcode/DerivedData/ManualBox-deaeebpyffrazpbischepzonjpmw/Build/Products/Debug/ManualBox.app/Contents/Frameworks

Copy /Users/peter_us/Library/Developer/Xcode/DerivedData/ManualBox-deaeebpyffrazpbischepzonjpmw/Build/Products/Debug/ManualBox.app/Contents/Frameworks/XCUnit.framework /Applications/Xcode.app/Contents/Developer/Platforms/MacOSX.platform/Developer/Library/PrivateFrameworks/XCUnit.framework (in target 'ManualBox' from project 'ManualBox')
    cd /Users/peter_us/Desktop/Github/manualbox
    builtin-copy -exclude .DS_Store -exclude CVS -exclude .svn -exclude .git -exclude .hg -exclude Headers -exclude PrivateHeaders -exclude Modules -exclude \*.tbd -resolve-src-symlinks /Applications/Xcode.app/Contents/Developer/Platforms/MacOSX.platform/Developer/Library/PrivateFrameworks/XCUnit.framework /Users/peter_us/Library/Developer/Xcode/DerivedData/ManualBox-deaeebpyffrazpbischepzonjpmw/Build/Products/Debug/ManualBox.app/Contents/Frameworks

Copy /Users/peter_us/Library/Developer/Xcode/DerivedData/ManualBox-deaeebpyffrazpbischepzonjpmw/Build/Products/Debug/ManualBox.app/Contents/Frameworks/libXCTestSwiftSupport.dylib /Applications/Xcode.app/Contents/Developer/Platforms/MacOSX.platform/Developer/usr/lib/libXCTestSwiftSupport.dylib (in target 'ManualBox' from project 'ManualBox')
    cd /Users/peter_us/Desktop/Github/manualbox
    builtin-copy -exclude .DS_Store -exclude CVS -exclude .svn -exclude .git -exclude .hg -exclude Headers -exclude PrivateHeaders -exclude Modules -exclude \*.tbd -resolve-src-symlinks /Applications/Xcode.app/Contents/Developer/Platforms/MacOSX.platform/Developer/usr/lib/libXCTestSwiftSupport.dylib /Users/peter_us/Library/Developer/Xcode/DerivedData/ManualBox-deaeebpyffrazpbischepzonjpmw/Build/Products/Debug/ManualBox.app/Contents/Frameworks

Copy /Users/peter_us/Library/Developer/Xcode/DerivedData/ManualBox-deaeebpyffrazpbischepzonjpmw/Build/Products/Debug/ManualBox.app/Contents/Frameworks/libXCTestBundleInject.dylib /Applications/Xcode.app/Contents/Developer/Platforms/MacOSX.platform/Developer/usr/lib/libXCTestBundleInject.dylib (in target 'ManualBox' from project 'ManualBox')
    cd /Users/peter_us/Desktop/Github/manualbox
    builtin-copy -exclude .DS_Store -exclude CVS -exclude .svn -exclude .git -exclude .hg -exclude Headers -exclude PrivateHeaders -exclude Modules -exclude \*.tbd -resolve-src-symlinks /Applications/Xcode.app/Contents/Developer/Platforms/MacOSX.platform/Developer/usr/lib/libXCTestBundleInject.dylib /Users/peter_us/Library/Developer/Xcode/DerivedData/ManualBox-deaeebpyffrazpbischepzonjpmw/Build/Products/Debug/ManualBox.app/Contents/Frameworks

Copy /Users/peter_us/Library/Developer/Xcode/DerivedData/ManualBox-deaeebpyffrazpbischepzonjpmw/Build/Products/Debug/ManualBox.app/Contents/Frameworks/XCUIAutomation.framework /Applications/Xcode.app/Contents/Developer/Platforms/MacOSX.platform/Developer/Library/Frameworks/XCUIAutomation.framework (in target 'ManualBox' from project 'ManualBox')
    cd /Users/peter_us/Desktop/Github/manualbox
    builtin-copy -exclude .DS_Store -exclude CVS -exclude .svn -exclude .git -exclude .hg -exclude Headers -exclude PrivateHeaders -exclude Modules -exclude \*.tbd -resolve-src-symlinks /Applications/Xcode.app/Contents/Developer/Platforms/MacOSX.platform/Developer/Library/Frameworks/XCUIAutomation.framework /Users/peter_us/Library/Developer/Xcode/DerivedData/ManualBox-deaeebpyffrazpbischepzonjpmw/Build/Products/Debug/ManualBox.app/Contents/Frameworks

Copy /Users/peter_us/Library/Developer/Xcode/DerivedData/ManualBox-deaeebpyffrazpbischepzonjpmw/Build/Products/Debug/ManualBox.app/Contents/Frameworks/XCTestCore.framework /Applications/Xcode.app/Contents/Developer/Platforms/MacOSX.platform/Developer/Library/PrivateFrameworks/XCTestCore.framework (in target 'ManualBox' from project 'ManualBox')
    cd /Users/peter_us/Desktop/Github/manualbox
    builtin-copy -exclude .DS_Store -exclude CVS -exclude .svn -exclude .git -exclude .hg -exclude Headers -exclude PrivateHeaders -exclude Modules -exclude \*.tbd -resolve-src-symlinks /Applications/Xcode.app/Contents/Developer/Platforms/MacOSX.platform/Developer/Library/PrivateFrameworks/XCTestCore.framework /Users/peter_us/Library/Developer/Xcode/DerivedData/ManualBox-deaeebpyffrazpbischepzonjpmw/Build/Products/Debug/ManualBox.app/Contents/Frameworks

Copy /Users/peter_us/Library/Developer/Xcode/DerivedData/ManualBox-deaeebpyffrazpbischepzonjpmw/Build/Products/Debug/ManualBox.app/Contents/Frameworks/XCTestSupport.framework /Applications/Xcode.app/Contents/Developer/Platforms/MacOSX.platform/Developer/Library/PrivateFrameworks/XCTestSupport.framework (in target 'ManualBox' from project 'ManualBox')
    cd /Users/peter_us/Desktop/Github/manualbox
    builtin-copy -exclude .DS_Store -exclude CVS -exclude .svn -exclude .git -exclude .hg -exclude Headers -exclude PrivateHeaders -exclude Modules -exclude \*.tbd -resolve-src-symlinks /Applications/Xcode.app/Contents/Developer/Platforms/MacOSX.platform/Developer/Library/PrivateFrameworks/XCTestSupport.framework /Users/peter_us/Library/Developer/Xcode/DerivedData/ManualBox-deaeebpyffrazpbischepzonjpmw/Build/Products/Debug/ManualBox.app/Contents/Frameworks

Copy /Users/peter_us/Library/Developer/Xcode/DerivedData/ManualBox-deaeebpyffrazpbischepzonjpmw/Build/Products/Debug/ManualBox.app/Contents/Frameworks/Testing.framework /Applications/Xcode.app/Contents/Developer/Platforms/MacOSX.platform/Developer/Library/Frameworks/Testing.framework (in target 'ManualBox' from project 'ManualBox')
    cd /Users/peter_us/Desktop/Github/manualbox
    builtin-copy -exclude .DS_Store -exclude CVS -exclude .svn -exclude .git -exclude .hg -exclude Headers -exclude PrivateHeaders -exclude Modules -exclude \*.tbd -resolve-src-symlinks /Applications/Xcode.app/Contents/Developer/Platforms/MacOSX.platform/Developer/Library/Frameworks/Testing.framework /Users/peter_us/Library/Developer/Xcode/DerivedData/ManualBox-deaeebpyffrazpbischepzonjpmw/Build/Products/Debug/ManualBox.app/Contents/Frameworks

ProcessInfoPlistFile /Users/peter_us/Library/Developer/Xcode/DerivedData/ManualBox-deaeebpyffrazpbischepzonjpmw/Build/Products/Debug/ManualBox.app/Contents/Info.plist /Users/peter_us/Desktop/Github/manualbox/ManualBox/Info.plist (in target 'ManualBox' from project 'ManualBox')
    cd /Users/peter_us/Desktop/Github/manualbox
    builtin-infoPlistUtility /Users/peter_us/Desktop/Github/manualbox/ManualBox/Info.plist -producttype com.apple.product-type.application -genpkginfo /Users/peter_us/Library/Developer/Xcode/DerivedData/ManualBox-deaeebpyffrazpbischepzonjpmw/Build/Products/Debug/ManualBox.app/Contents/PkgInfo -expandbuildsettings -platform macosx -additionalcontentfile /Users/peter_us/Library/Developer/Xcode/DerivedData/ManualBox-deaeebpyffrazpbischepzonjpmw/Build/Intermediates.noindex/ManualBox.build/Debug/ManualBox.build/assetcatalog_generated_info.plist -o /Users/peter_us/Library/Developer/Xcode/DerivedData/ManualBox-deaeebpyffrazpbischepzonjpmw/Build/Products/Debug/ManualBox.app/Contents/Info.plist
removing value "remote-notification" for "UIBackgroundModes" - not supported on macOS

CodeSign /Users/peter_us/Library/Developer/Xcode/DerivedData/ManualBox-deaeebpyffrazpbischepzonjpmw/Build/Products/Debug/ManualBox.app/Contents/Frameworks/libXCTestBundleInject.dylib (in target 'ManualBox' from project 'ManualBox')
    cd /Users/peter_us/Desktop/Github/manualbox
    
    Signing Identity:     "Apple Development: YONG ZHANG (XXBYV392XY)"
    Provisioning Profile: "Mac Team Provisioning Profile: com.peter.ManualBox"
                          (7643d90c-1a6a-454a-ae79-61fea383b856)
    
    /usr/bin/codesign --force --sign 8B788B0751882B455F252C0BE7C6E82CF3F897FF -o runtime --timestamp\=none --preserve-metadata\=identifier,entitlements,flags --generate-entitlement-der /Users/peter_us/Library/Developer/Xcode/DerivedData/ManualBox-deaeebpyffrazpbischepzonjpmw/Build/Products/Debug/ManualBox.app/Contents/Frameworks/libXCTestBundleInject.dylib
/Users/peter_us/Library/Developer/Xcode/DerivedData/ManualBox-deaeebpyffrazpbischepzonjpmw/Build/Products/Debug/ManualBox.app/Contents/Frameworks/libXCTestBundleInject.dylib: replacing existing signature

CodeSign /Users/peter_us/Library/Developer/Xcode/DerivedData/ManualBox-deaeebpyffrazpbischepzonjpmw/Build/Products/Debug/ManualBox.app/Contents/Frameworks/libXCTestSwiftSupport.dylib (in target 'ManualBox' from project 'ManualBox')
    cd /Users/peter_us/Desktop/Github/manualbox
    
    Signing Identity:     "Apple Development: YONG ZHANG (XXBYV392XY)"
    Provisioning Profile: "Mac Team Provisioning Profile: com.peter.ManualBox"
                          (7643d90c-1a6a-454a-ae79-61fea383b856)
    
    /usr/bin/codesign --force --sign 8B788B0751882B455F252C0BE7C6E82CF3F897FF -o runtime --timestamp\=none --preserve-metadata\=identifier,entitlements,flags --generate-entitlement-der /Users/peter_us/Library/Developer/Xcode/DerivedData/ManualBox-deaeebpyffrazpbischepzonjpmw/Build/Products/Debug/ManualBox.app/Contents/Frameworks/libXCTestSwiftSupport.dylib
/Users/peter_us/Library/Developer/Xcode/DerivedData/ManualBox-deaeebpyffrazpbischepzonjpmw/Build/Products/Debug/ManualBox.app/Contents/Frameworks/libXCTestSwiftSupport.dylib: replacing existing signature

CodeSign /Users/peter_us/Library/Developer/Xcode/DerivedData/ManualBox-deaeebpyffrazpbischepzonjpmw/Build/Products/Debug/ManualBox.app/Contents/Frameworks/XCTestSupport.framework (in target 'ManualBox' from project 'ManualBox')
    cd /Users/peter_us/Desktop/Github/manualbox
    
    Signing Identity:     "Apple Development: YONG ZHANG (XXBYV392XY)"
    Provisioning Profile: "Mac Team Provisioning Profile: com.peter.ManualBox"
                          (7643d90c-1a6a-454a-ae79-61fea383b856)
    
    /usr/bin/codesign --force --sign 8B788B0751882B455F252C0BE7C6E82CF3F897FF -o runtime --timestamp\=none --preserve-metadata\=identifier,entitlements,flags --generate-entitlement-der /Users/peter_us/Library/Developer/Xcode/DerivedData/ManualBox-deaeebpyffrazpbischepzonjpmw/Build/Products/Debug/ManualBox.app/Contents/Frameworks/XCTestSupport.framework
/Users/peter_us/Library/Developer/Xcode/DerivedData/ManualBox-deaeebpyffrazpbischepzonjpmw/Build/Products/Debug/ManualBox.app/Contents/Frameworks/XCTestSupport.framework: replacing existing signature

CodeSign /Users/peter_us/Library/Developer/Xcode/DerivedData/ManualBox-deaeebpyffrazpbischepzonjpmw/Build/Products/Debug/ManualBox.app/Contents/Frameworks/XCUnit.framework (in target 'ManualBox' from project 'ManualBox')
    cd /Users/peter_us/Desktop/Github/manualbox
    
    Signing Identity:     "Apple Development: YONG ZHANG (XXBYV392XY)"
    Provisioning Profile: "Mac Team Provisioning Profile: com.peter.ManualBox"
                          (7643d90c-1a6a-454a-ae79-61fea383b856)
    
    /usr/bin/codesign --force --sign 8B788B0751882B455F252C0BE7C6E82CF3F897FF -o runtime --timestamp\=none --preserve-metadata\=identifier,entitlements,flags --generate-entitlement-der /Users/peter_us/Library/Developer/Xcode/DerivedData/ManualBox-deaeebpyffrazpbischepzonjpmw/Build/Products/Debug/ManualBox.app/Contents/Frameworks/XCUnit.framework
/Users/peter_us/Library/Developer/Xcode/DerivedData/ManualBox-deaeebpyffrazpbischepzonjpmw/Build/Products/Debug/ManualBox.app/Contents/Frameworks/XCUnit.framework: replacing existing signature

CodeSign /Users/peter_us/Library/Developer/Xcode/DerivedData/ManualBox-deaeebpyffrazpbischepzonjpmw/Build/Products/Debug/ManualBox.app/Contents/Frameworks/XCTest.framework (in target 'ManualBox' from project 'ManualBox')
    cd /Users/peter_us/Desktop/Github/manualbox
    
    Signing Identity:     "Apple Development: YONG ZHANG (XXBYV392XY)"
    Provisioning Profile: "Mac Team Provisioning Profile: com.peter.ManualBox"
                          (7643d90c-1a6a-454a-ae79-61fea383b856)
    
    /usr/bin/codesign --force --sign 8B788B0751882B455F252C0BE7C6E82CF3F897FF -o runtime --timestamp\=none --preserve-metadata\=identifier,entitlements,flags --generate-entitlement-der /Users/peter_us/Library/Developer/Xcode/DerivedData/ManualBox-deaeebpyffrazpbischepzonjpmw/Build/Products/Debug/ManualBox.app/Contents/Frameworks/XCTest.framework
/Users/peter_us/Library/Developer/Xcode/DerivedData/ManualBox-deaeebpyffrazpbischepzonjpmw/Build/Products/Debug/ManualBox.app/Contents/Frameworks/XCTest.framework: replacing existing signature

CodeSign /Users/peter_us/Library/Developer/Xcode/DerivedData/ManualBox-deaeebpyffrazpbischepzonjpmw/Build/Products/Debug/ManualBox.app/Contents/Frameworks/XCTAutomationSupport.framework (in target 'ManualBox' from project 'ManualBox')
    cd /Users/peter_us/Desktop/Github/manualbox
    
    Signing Identity:     "Apple Development: YONG ZHANG (XXBYV392XY)"
    Provisioning Profile: "Mac Team Provisioning Profile: com.peter.ManualBox"
                          (7643d90c-1a6a-454a-ae79-61fea383b856)
    
    /usr/bin/codesign --force --sign 8B788B0751882B455F252C0BE7C6E82CF3F897FF -o runtime --timestamp\=none --preserve-metadata\=identifier,entitlements,flags --generate-entitlement-der /Users/peter_us/Library/Developer/Xcode/DerivedData/ManualBox-deaeebpyffrazpbischepzonjpmw/Build/Products/Debug/ManualBox.app/Contents/Frameworks/XCTAutomationSupport.framework
/Users/peter_us/Library/Developer/Xcode/DerivedData/ManualBox-deaeebpyffrazpbischepzonjpmw/Build/Products/Debug/ManualBox.app/Contents/Frameworks/XCTAutomationSupport.framework: replacing existing signature

CodeSign /Users/peter_us/Library/Developer/Xcode/DerivedData/ManualBox-deaeebpyffrazpbischepzonjpmw/Build/Products/Debug/ManualBox.app/Contents/Frameworks/XCTestCore.framework (in target 'ManualBox' from project 'ManualBox')
    cd /Users/peter_us/Desktop/Github/manualbox
    
    Signing Identity:     "Apple Development: YONG ZHANG (XXBYV392XY)"
    Provisioning Profile: "Mac Team Provisioning Profile: com.peter.ManualBox"
                          (7643d90c-1a6a-454a-ae79-61fea383b856)
    
    /usr/bin/codesign --force --sign 8B788B0751882B455F252C0BE7C6E82CF3F897FF -o runtime --timestamp\=none --preserve-metadata\=identifier,entitlements,flags --generate-entitlement-der /Users/peter_us/Library/Developer/Xcode/DerivedData/ManualBox-deaeebpyffrazpbischepzonjpmw/Build/Products/Debug/ManualBox.app/Contents/Frameworks/XCTestCore.framework
/Users/peter_us/Library/Developer/Xcode/DerivedData/ManualBox-deaeebpyffrazpbischepzonjpmw/Build/Products/Debug/ManualBox.app/Contents/Frameworks/XCTestCore.framework: replacing existing signature

CodeSign /Users/peter_us/Library/Developer/Xcode/DerivedData/ManualBox-deaeebpyffrazpbischepzonjpmw/Build/Products/Debug/ManualBox.app/Contents/Frameworks/XCUIAutomation.framework (in target 'ManualBox' from project 'ManualBox')
    cd /Users/peter_us/Desktop/Github/manualbox
    
    Signing Identity:     "Apple Development: YONG ZHANG (XXBYV392XY)"
    Provisioning Profile: "Mac Team Provisioning Profile: com.peter.ManualBox"
                          (7643d90c-1a6a-454a-ae79-61fea383b856)
    
    /usr/bin/codesign --force --sign 8B788B0751882B455F252C0BE7C6E82CF3F897FF -o runtime --timestamp\=none --preserve-metadata\=identifier,entitlements,flags --generate-entitlement-der /Users/peter_us/Library/Developer/Xcode/DerivedData/ManualBox-deaeebpyffrazpbischepzonjpmw/Build/Products/Debug/ManualBox.app/Contents/Frameworks/XCUIAutomation.framework
/Users/peter_us/Library/Developer/Xcode/DerivedData/ManualBox-deaeebpyffrazpbischepzonjpmw/Build/Products/Debug/ManualBox.app/Contents/Frameworks/XCUIAutomation.framework: replacing existing signature

CodeSign /Users/peter_us/Library/Developer/Xcode/DerivedData/ManualBox-deaeebpyffrazpbischepzonjpmw/Build/Products/Debug/ManualBox.app/Contents/Frameworks/Testing.framework (in target 'ManualBox' from project 'ManualBox')
    cd /Users/peter_us/Desktop/Github/manualbox
    
    Signing Identity:     "Apple Development: YONG ZHANG (XXBYV392XY)"
    Provisioning Profile: "Mac Team Provisioning Profile: com.peter.ManualBox"
                          (7643d90c-1a6a-454a-ae79-61fea383b856)
    
    /usr/bin/codesign --force --sign 8B788B0751882B455F252C0BE7C6E82CF3F897FF -o runtime --timestamp\=none --preserve-metadata\=identifier,entitlements,flags --generate-entitlement-der /Users/peter_us/Library/Developer/Xcode/DerivedData/ManualBox-deaeebpyffrazpbischepzonjpmw/Build/Products/Debug/ManualBox.app/Contents/Frameworks/Testing.framework
/Users/peter_us/Library/Developer/Xcode/DerivedData/ManualBox-deaeebpyffrazpbischepzonjpmw/Build/Products/Debug/ManualBox.app/Contents/Frameworks/Testing.framework: replacing existing signature

SwiftDriver ManualBox normal arm64 com.apple.xcode.tools.swift.compiler (in target 'ManualBox' from project 'ManualBox')
    cd /Users/peter_us/Desktop/Github/manualbox
    builtin-SwiftDriver -- /Applications/Xcode.app/Contents/Developer/Toolchains/XcodeDefault.xctoolchain/usr/bin/swiftc -module-name ManualBox -Onone -enforce-exclusivity\=checked @/Users/peter_us/Library/Developer/Xcode/DerivedData/ManualBox-deaeebpyffrazpbischepzonjpmw/Build/Intermediates.noindex/ManualBox.build/Debug/ManualBox.build/Objects-normal/arm64/ManualBox.SwiftFileList -DDEBUG -enable-bare-slash-regex -enable-experimental-feature DebugDescriptionMacro -sdk /Applications/Xcode.app/Contents/Developer/Platforms/MacOSX.platform/Developer/SDKs/MacOSX15.5.sdk -target arm64-apple-macos15.0 -g -module-cache-path /Users/peter_us/Library/Developer/Xcode/DerivedData/ModuleCache.noindex -Xfrontend -serialize-debugging-options -profile-coverage-mapping -profile-generate -enable-testing -index-store-path /Users/peter_us/Library/Developer/Xcode/DerivedData/ManualBox-deaeebpyffrazpbischepzonjpmw/Index.noindex/DataStore -swift-version 5 -I /Users/peter_us/Library/Developer/Xcode/DerivedData/ManualBox-deaeebpyffrazpbischepzonjpmw/Build/Products/Debug -F /Users/peter_us/Library/Developer/Xcode/DerivedData/ManualBox-deaeebpyffrazpbischepzonjpmw/Build/Products/Debug -emit-localized-strings -emit-localized-strings-path /Users/peter_us/Library/Developer/Xcode/DerivedData/ManualBox-deaeebpyffrazpbischepzonjpmw/Build/Intermediates.noindex/ManualBox.build/Debug/ManualBox.build/Objects-normal/arm64 -c -j14 -enable-batch-mode -incremental -Xcc -ivfsstatcache -Xcc /Users/peter_us/Library/Developer/Xcode/DerivedData/SDKStatCaches.noindex/macosx15.5-24F74-8254517eb8b97d462ccbc072ba9094c9.sdkstatcache -output-file-map /Users/peter_us/Library/Developer/Xcode/DerivedData/ManualBox-deaeebpyffrazpbischepzonjpmw/Build/Intermediates.noindex/ManualBox.build/Debug/ManualBox.build/Objects-normal/arm64/ManualBox-OutputFileMap.json -use-frontend-parseable-output -save-temps -no-color-diagnostics -serialize-diagnostics -emit-dependencies -emit-module -emit-module-path /Users/peter_us/Library/Developer/Xcode/DerivedData/ManualBox-deaeebpyffrazpbischepzonjpmw/Build/Intermediates.noindex/ManualBox.build/Debug/ManualBox.build/Objects-normal/arm64/ManualBox.swiftmodule -validate-clang-modules-once -clang-build-session-file /Users/peter_us/Library/Developer/Xcode/DerivedData/ModuleCache.noindex/Session.modulevalidation -Xcc -I/Users/peter_us/Library/Developer/Xcode/DerivedData/ManualBox-deaeebpyffrazpbischepzonjpmw/Build/Intermediates.noindex/ManualBox.build/Debug/ManualBox.build/swift-overrides.hmap -emit-const-values -Xfrontend -const-gather-protocols-file -Xfrontend /Users/peter_us/Library/Developer/Xcode/DerivedData/ManualBox-deaeebpyffrazpbischepzonjpmw/Build/Intermediates.noindex/ManualBox.build/Debug/ManualBox.build/Objects-normal/arm64/ManualBox_const_extract_protocols.json -Xcc -iquote -Xcc /Users/peter_us/Library/Developer/Xcode/DerivedData/ManualBox-deaeebpyffrazpbischepzonjpmw/Build/Intermediates.noindex/ManualBox.build/Debug/ManualBox.build/ManualBox-generated-files.hmap -Xcc -I/Users/peter_us/Library/Developer/Xcode/DerivedData/ManualBox-deaeebpyffrazpbischepzonjpmw/Build/Intermediates.noindex/ManualBox.build/Debug/ManualBox.build/ManualBox-own-target-headers.hmap -Xcc -I/Users/peter_us/Library/Developer/Xcode/DerivedData/ManualBox-deaeebpyffrazpbischepzonjpmw/Build/Intermediates.noindex/ManualBox.build/Debug/ManualBox.build/ManualBox-all-target-headers.hmap -Xcc -iquote -Xcc /Users/peter_us/Library/Developer/Xcode/DerivedData/ManualBox-deaeebpyffrazpbischepzonjpmw/Build/Intermediates.noindex/ManualBox.build/Debug/ManualBox.build/ManualBox-project-headers.hmap -Xcc -I/Users/peter_us/Library/Developer/Xcode/DerivedData/ManualBox-deaeebpyffrazpbischepzonjpmw/Build/Products/Debug/include -Xcc -I/Users/peter_us/Library/Developer/Xcode/DerivedData/ManualBox-deaeebpyffrazpbischepzonjpmw/Build/Intermediates.noindex/ManualBox.build/Debug/ManualBox.build/DerivedSources-normal/arm64 -Xcc -I/Users/peter_us/Library/Developer/Xcode/DerivedData/ManualBox-deaeebpyffrazpbischepzonjpmw/Build/Intermediates.noindex/ManualBox.build/Debug/ManualBox.build/DerivedSources/arm64 -Xcc -I/Users/peter_us/Library/Developer/Xcode/DerivedData/ManualBox-deaeebpyffrazpbischepzonjpmw/Build/Intermediates.noindex/ManualBox.build/Debug/ManualBox.build/DerivedSources -Xcc -DDEBUG\=1 -emit-objc-header -emit-objc-header-path /Users/peter_us/Library/Developer/Xcode/DerivedData/ManualBox-deaeebpyffrazpbischepzonjpmw/Build/Intermediates.noindex/ManualBox.build/Debug/ManualBox.build/Objects-normal/arm64/ManualBox-Swift.h -working-directory /Users/peter_us/Desktop/Github/manualbox -experimental-emit-module-separately -disable-cmo

SwiftDriver\ Compilation\ Requirements ManualBox normal arm64 com.apple.xcode.tools.swift.compiler (in target 'ManualBox' from project 'ManualBox')
    cd /Users/peter_us/Desktop/Github/manualbox
    builtin-Swift-Compilation-Requirements -- /Applications/Xcode.app/Contents/Developer/Toolchains/XcodeDefault.xctoolchain/usr/bin/swiftc -module-name ManualBox -Onone -enforce-exclusivity\=checked @/Users/peter_us/Library/Developer/Xcode/DerivedData/ManualBox-deaeebpyffrazpbischepzonjpmw/Build/Intermediates.noindex/ManualBox.build/Debug/ManualBox.build/Objects-normal/arm64/ManualBox.SwiftFileList -DDEBUG -enable-bare-slash-regex -enable-experimental-feature DebugDescriptionMacro -sdk /Applications/Xcode.app/Contents/Developer/Platforms/MacOSX.platform/Developer/SDKs/MacOSX15.5.sdk -target arm64-apple-macos15.0 -g -module-cache-path /Users/peter_us/Library/Developer/Xcode/DerivedData/ModuleCache.noindex -Xfrontend -serialize-debugging-options -profile-coverage-mapping -profile-generate -enable-testing -index-store-path /Users/peter_us/Library/Developer/Xcode/DerivedData/ManualBox-deaeebpyffrazpbischepzonjpmw/Index.noindex/DataStore -swift-version 5 -I /Users/peter_us/Library/Developer/Xcode/DerivedData/ManualBox-deaeebpyffrazpbischepzonjpmw/Build/Products/Debug -F /Users/peter_us/Library/Developer/Xcode/DerivedData/ManualBox-deaeebpyffrazpbischepzonjpmw/Build/Products/Debug -emit-localized-strings -emit-localized-strings-path /Users/peter_us/Library/Developer/Xcode/DerivedData/ManualBox-deaeebpyffrazpbischepzonjpmw/Build/Intermediates.noindex/ManualBox.build/Debug/ManualBox.build/Objects-normal/arm64 -c -j14 -enable-batch-mode -incremental -Xcc -ivfsstatcache -Xcc /Users/peter_us/Library/Developer/Xcode/DerivedData/SDKStatCaches.noindex/macosx15.5-24F74-8254517eb8b97d462ccbc072ba9094c9.sdkstatcache -output-file-map /Users/peter_us/Library/Developer/Xcode/DerivedData/ManualBox-deaeebpyffrazpbischepzonjpmw/Build/Intermediates.noindex/ManualBox.build/Debug/ManualBox.build/Objects-normal/arm64/ManualBox-OutputFileMap.json -use-frontend-parseable-output -save-temps -no-color-diagnostics -serialize-diagnostics -emit-dependencies -emit-module -emit-module-path /Users/peter_us/Library/Developer/Xcode/DerivedData/ManualBox-deaeebpyffrazpbischepzonjpmw/Build/Intermediates.noindex/ManualBox.build/Debug/ManualBox.build/Objects-normal/arm64/ManualBox.swiftmodule -validate-clang-modules-once -clang-build-session-file /Users/peter_us/Library/Developer/Xcode/DerivedData/ModuleCache.noindex/Session.modulevalidation -Xcc -I/Users/peter_us/Library/Developer/Xcode/DerivedData/ManualBox-deaeebpyffrazpbischepzonjpmw/Build/Intermediates.noindex/ManualBox.build/Debug/ManualBox.build/swift-overrides.hmap -emit-const-values -Xfrontend -const-gather-protocols-file -Xfrontend /Users/peter_us/Library/Developer/Xcode/DerivedData/ManualBox-deaeebpyffrazpbischepzonjpmw/Build/Intermediates.noindex/ManualBox.build/Debug/ManualBox.build/Objects-normal/arm64/ManualBox_const_extract_protocols.json -Xcc -iquote -Xcc /Users/peter_us/Library/Developer/Xcode/DerivedData/ManualBox-deaeebpyffrazpbischepzonjpmw/Build/Intermediates.noindex/ManualBox.build/Debug/ManualBox.build/ManualBox-generated-files.hmap -Xcc -I/Users/peter_us/Library/Developer/Xcode/DerivedData/ManualBox-deaeebpyffrazpbischepzonjpmw/Build/Intermediates.noindex/ManualBox.build/Debug/ManualBox.build/ManualBox-own-target-headers.hmap -Xcc -I/Users/peter_us/Library/Developer/Xcode/DerivedData/ManualBox-deaeebpyffrazpbischepzonjpmw/Build/Intermediates.noindex/ManualBox.build/Debug/ManualBox.build/ManualBox-all-target-headers.hmap -Xcc -iquote -Xcc /Users/peter_us/Library/Developer/Xcode/DerivedData/ManualBox-deaeebpyffrazpbischepzonjpmw/Build/Intermediates.noindex/ManualBox.build/Debug/ManualBox.build/ManualBox-project-headers.hmap -Xcc -I/Users/peter_us/Library/Developer/Xcode/DerivedData/ManualBox-deaeebpyffrazpbischepzonjpmw/Build/Products/Debug/include -Xcc -I/Users/peter_us/Library/Developer/Xcode/DerivedData/ManualBox-deaeebpyffrazpbischepzonjpmw/Build/Intermediates.noindex/ManualBox.build/Debug/ManualBox.build/DerivedSources-normal/arm64 -Xcc -I/Users/peter_us/Library/Developer/Xcode/DerivedData/ManualBox-deaeebpyffrazpbischepzonjpmw/Build/Intermediates.noindex/ManualBox.build/Debug/ManualBox.build/DerivedSources/arm64 -Xcc -I/Users/peter_us/Library/Developer/Xcode/DerivedData/ManualBox-deaeebpyffrazpbischepzonjpmw/Build/Intermediates.noindex/ManualBox.build/Debug/ManualBox.build/DerivedSources -Xcc -DDEBUG\=1 -emit-objc-header -emit-objc-header-path /Users/peter_us/Library/Developer/Xcode/DerivedData/ManualBox-deaeebpyffrazpbischepzonjpmw/Build/Intermediates.noindex/ManualBox.build/Debug/ManualBox.build/Objects-normal/arm64/ManualBox-Swift.h -working-directory /Users/peter_us/Desktop/Github/manualbox -experimental-emit-module-separately -disable-cmo

SwiftDriver\ Compilation ManualBox normal arm64 com.apple.xcode.tools.swift.compiler (in target 'ManualBox' from project 'ManualBox')
    cd /Users/peter_us/Desktop/Github/manualbox
    builtin-Swift-Compilation -- /Applications/Xcode.app/Contents/Developer/Toolchains/XcodeDefault.xctoolchain/usr/bin/swiftc -module-name ManualBox -Onone -enforce-exclusivity\=checked @/Users/peter_us/Library/Developer/Xcode/DerivedData/ManualBox-deaeebpyffrazpbischepzonjpmw/Build/Intermediates.noindex/ManualBox.build/Debug/ManualBox.build/Objects-normal/arm64/ManualBox.SwiftFileList -DDEBUG -enable-bare-slash-regex -enable-experimental-feature DebugDescriptionMacro -sdk /Applications/Xcode.app/Contents/Developer/Platforms/MacOSX.platform/Developer/SDKs/MacOSX15.5.sdk -target arm64-apple-macos15.0 -g -module-cache-path /Users/peter_us/Library/Developer/Xcode/DerivedData/ModuleCache.noindex -Xfrontend -serialize-debugging-options -profile-coverage-mapping -profile-generate -enable-testing -index-store-path /Users/peter_us/Library/Developer/Xcode/DerivedData/ManualBox-deaeebpyffrazpbischepzonjpmw/Index.noindex/DataStore -swift-version 5 -I /Users/peter_us/Library/Developer/Xcode/DerivedData/ManualBox-deaeebpyffrazpbischepzonjpmw/Build/Products/Debug -F /Users/peter_us/Library/Developer/Xcode/DerivedData/ManualBox-deaeebpyffrazpbischepzonjpmw/Build/Products/Debug -emit-localized-strings -emit-localized-strings-path /Users/peter_us/Library/Developer/Xcode/DerivedData/ManualBox-deaeebpyffrazpbischepzonjpmw/Build/Intermediates.noindex/ManualBox.build/Debug/ManualBox.build/Objects-normal/arm64 -c -j14 -enable-batch-mode -incremental -Xcc -ivfsstatcache -Xcc /Users/peter_us/Library/Developer/Xcode/DerivedData/SDKStatCaches.noindex/macosx15.5-24F74-8254517eb8b97d462ccbc072ba9094c9.sdkstatcache -output-file-map /Users/peter_us/Library/Developer/Xcode/DerivedData/ManualBox-deaeebpyffrazpbischepzonjpmw/Build/Intermediates.noindex/ManualBox.build/Debug/ManualBox.build/Objects-normal/arm64/ManualBox-OutputFileMap.json -use-frontend-parseable-output -save-temps -no-color-diagnostics -serialize-diagnostics -emit-dependencies -emit-module -emit-module-path /Users/peter_us/Library/Developer/Xcode/DerivedData/ManualBox-deaeebpyffrazpbischepzonjpmw/Build/Intermediates.noindex/ManualBox.build/Debug/ManualBox.build/Objects-normal/arm64/ManualBox.swiftmodule -validate-clang-modules-once -clang-build-session-file /Users/peter_us/Library/Developer/Xcode/DerivedData/ModuleCache.noindex/Session.modulevalidation -Xcc -I/Users/peter_us/Library/Developer/Xcode/DerivedData/ManualBox-deaeebpyffrazpbischepzonjpmw/Build/Intermediates.noindex/ManualBox.build/Debug/ManualBox.build/swift-overrides.hmap -emit-const-values -Xfrontend -const-gather-protocols-file -Xfrontend /Users/peter_us/Library/Developer/Xcode/DerivedData/ManualBox-deaeebpyffrazpbischepzonjpmw/Build/Intermediates.noindex/ManualBox.build/Debug/ManualBox.build/Objects-normal/arm64/ManualBox_const_extract_protocols.json -Xcc -iquote -Xcc /Users/peter_us/Library/Developer/Xcode/DerivedData/ManualBox-deaeebpyffrazpbischepzonjpmw/Build/Intermediates.noindex/ManualBox.build/Debug/ManualBox.build/ManualBox-generated-files.hmap -Xcc -I/Users/peter_us/Library/Developer/Xcode/DerivedData/ManualBox-deaeebpyffrazpbischepzonjpmw/Build/Intermediates.noindex/ManualBox.build/Debug/ManualBox.build/ManualBox-own-target-headers.hmap -Xcc -I/Users/peter_us/Library/Developer/Xcode/DerivedData/ManualBox-deaeebpyffrazpbischepzonjpmw/Build/Intermediates.noindex/ManualBox.build/Debug/ManualBox.build/ManualBox-all-target-headers.hmap -Xcc -iquote -Xcc /Users/peter_us/Library/Developer/Xcode/DerivedData/ManualBox-deaeebpyffrazpbischepzonjpmw/Build/Intermediates.noindex/ManualBox.build/Debug/ManualBox.build/ManualBox-project-headers.hmap -Xcc -I/Users/peter_us/Library/Developer/Xcode/DerivedData/ManualBox-deaeebpyffrazpbischepzonjpmw/Build/Products/Debug/include -Xcc -I/Users/peter_us/Library/Developer/Xcode/DerivedData/ManualBox-deaeebpyffrazpbischepzonjpmw/Build/Intermediates.noindex/ManualBox.build/Debug/ManualBox.build/DerivedSources-normal/arm64 -Xcc -I/Users/peter_us/Library/Developer/Xcode/DerivedData/ManualBox-deaeebpyffrazpbischepzonjpmw/Build/Intermediates.noindex/ManualBox.build/Debug/ManualBox.build/DerivedSources/arm64 -Xcc -I/Users/peter_us/Library/Developer/Xcode/DerivedData/ManualBox-deaeebpyffrazpbischepzonjpmw/Build/Intermediates.noindex/ManualBox.build/Debug/ManualBox.build/DerivedSources -Xcc -DDEBUG\=1 -emit-objc-header -emit-objc-header-path /Users/peter_us/Library/Developer/Xcode/DerivedData/ManualBox-deaeebpyffrazpbischepzonjpmw/Build/Intermediates.noindex/ManualBox.build/Debug/ManualBox.build/Objects-normal/arm64/ManualBox-Swift.h -working-directory /Users/peter_us/Desktop/Github/manualbox -experimental-emit-module-separately -disable-cmo

ProcessProductPackaging "" /Users/peter_us/Library/Developer/Xcode/DerivedData/ManualBox-deaeebpyffrazpbischepzonjpmw/Build/Intermediates.noindex/ManualBox.build/Debug/ManualBoxUITests.build/ManualBoxUITests.xctest.xcent (in target 'ManualBoxUITests' from project 'ManualBox')
    cd /Users/peter_us/Desktop/Github/manualbox
    
    Entitlements:
    
    {
    "com.apple.application-identifier" = "F883XBKWR3.com.peter.ManualBoxUITests.xctrunner";
    "com.apple.security.app-sandbox" = 1;
    "com.apple.security.get-task-allow" = 1;
    "com.apple.security.network.client" = 1;
    "com.apple.security.temporary-exception.files.absolute-path.read-only" =     (
        "/"
    );
    "com.apple.security.temporary-exception.mach-lookup.global-name" =     (
        "com.apple.testmanagerd",
        "com.apple.dt.testmanagerd.runner",
        "com.apple.coresymbolicationd",
        "com.apple.coredevice.version",
        "com.apple.coredevice.service",
        "com.apple.remoted"
    );
    "com.apple.security.temporary-exception.mach-lookup.local-name" =     (
        "com.apple.axserver"
    );
    "com.apple.security.temporary-exception.sbpl" =     (
        "(allow hid-control)",
        "(allow signal)"
    );
}
    
    builtin-productPackagingUtility -entitlements -format xml -o /Users/peter_us/Library/Developer/Xcode/DerivedData/ManualBox-deaeebpyffrazpbischepzonjpmw/Build/Intermediates.noindex/ManualBox.build/Debug/ManualBoxUITests.build/ManualBoxUITests.xctest.xcent

SwiftDriver ManualBoxTests normal arm64 com.apple.xcode.tools.swift.compiler (in target 'ManualBoxTests' from project 'ManualBox')
    cd /Users/peter_us/Desktop/Github/manualbox
    builtin-SwiftDriver -- /Applications/Xcode.app/Contents/Developer/Toolchains/XcodeDefault.xctoolchain/usr/bin/swiftc -module-name ManualBoxTests -Onone -enforce-exclusivity\=checked @/Users/peter_us/Library/Developer/Xcode/DerivedData/ManualBox-deaeebpyffrazpbischepzonjpmw/Build/Intermediates.noindex/ManualBox.build/Debug/ManualBoxTests.build/Objects-normal/arm64/ManualBoxTests.SwiftFileList -DDEBUG -plugin-path /Applications/Xcode.app/Contents/Developer/Toolchains/XcodeDefault.xctoolchain/usr/lib/swift/host/plugins/testing -enable-bare-slash-regex -enable-experimental-feature DebugDescriptionMacro -sdk /Applications/Xcode.app/Contents/Developer/Platforms/MacOSX.platform/Developer/SDKs/MacOSX15.5.sdk -target arm64-apple-macos15.4 -g -module-cache-path /Users/peter_us/Library/Developer/Xcode/DerivedData/ModuleCache.noindex -Xfrontend -serialize-debugging-options -profile-coverage-mapping -profile-generate -enable-testing -index-store-path /Users/peter_us/Library/Developer/Xcode/DerivedData/ManualBox-deaeebpyffrazpbischepzonjpmw/Index.noindex/DataStore -swift-version 5 -I /Users/peter_us/Library/Developer/Xcode/DerivedData/ManualBox-deaeebpyffrazpbischepzonjpmw/Build/Products/Debug -I /Applications/Xcode.app/Contents/Developer/Platforms/MacOSX.platform/Developer/usr/lib -F /Users/peter_us/Library/Developer/Xcode/DerivedData/ManualBox-deaeebpyffrazpbischepzonjpmw/Build/Products/Debug -F /Applications/Xcode.app/Contents/Developer/Platforms/MacOSX.platform/Developer/Library/Frameworks -c -j14 -enable-batch-mode -incremental -Xcc -ivfsstatcache -Xcc /Users/peter_us/Library/Developer/Xcode/DerivedData/SDKStatCaches.noindex/macosx15.5-24F74-8254517eb8b97d462ccbc072ba9094c9.sdkstatcache -output-file-map /Users/peter_us/Library/Developer/Xcode/DerivedData/ManualBox-deaeebpyffrazpbischepzonjpmw/Build/Intermediates.noindex/ManualBox.build/Debug/ManualBoxTests.build/Objects-normal/arm64/ManualBoxTests-OutputFileMap.json -use-frontend-parseable-output -save-temps -no-color-diagnostics -serialize-diagnostics -emit-dependencies -emit-module -emit-module-path /Users/peter_us/Library/Developer/Xcode/DerivedData/ManualBox-deaeebpyffrazpbischepzonjpmw/Build/Intermediates.noindex/ManualBox.build/Debug/ManualBoxTests.build/Objects-normal/arm64/ManualBoxTests.swiftmodule -validate-clang-modules-once -clang-build-session-file /Users/peter_us/Library/Developer/Xcode/DerivedData/ModuleCache.noindex/Session.modulevalidation -Xcc -I/Users/peter_us/Library/Developer/Xcode/DerivedData/ManualBox-deaeebpyffrazpbischepzonjpmw/Build/Intermediates.noindex/ManualBox.build/Debug/ManualBoxTests.build/swift-overrides.hmap -emit-const-values -Xfrontend -const-gather-protocols-file -Xfrontend /Users/peter_us/Library/Developer/Xcode/DerivedData/ManualBox-deaeebpyffrazpbischepzonjpmw/Build/Intermediates.noindex/ManualBox.build/Debug/ManualBoxTests.build/Objects-normal/arm64/ManualBoxTests_const_extract_protocols.json -Xcc -iquote -Xcc /Users/peter_us/Library/Developer/Xcode/DerivedData/ManualBox-deaeebpyffrazpbischepzonjpmw/Build/Intermediates.noindex/ManualBox.build/Debug/ManualBoxTests.build/ManualBoxTests-generated-files.hmap -Xcc -I/Users/peter_us/Library/Developer/Xcode/DerivedData/ManualBox-deaeebpyffrazpbischepzonjpmw/Build/Intermediates.noindex/ManualBox.build/Debug/ManualBoxTests.build/ManualBoxTests-own-target-headers.hmap -Xcc -I/Users/peter_us/Library/Developer/Xcode/DerivedData/ManualBox-deaeebpyffrazpbischepzonjpmw/Build/Intermediates.noindex/ManualBox.build/Debug/ManualBoxTests.build/ManualBoxTests-all-target-headers.hmap -Xcc -iquote -Xcc /Users/peter_us/Library/Developer/Xcode/DerivedData/ManualBox-deaeebpyffrazpbischepzonjpmw/Build/Intermediates.noindex/ManualBox.build/Debug/ManualBoxTests.build/ManualBoxTests-project-headers.hmap -Xcc -I/Users/peter_us/Library/Developer/Xcode/DerivedData/ManualBox-deaeebpyffrazpbischepzonjpmw/Build/Products/Debug/include -Xcc -I/Users/peter_us/Library/Developer/Xcode/DerivedData/ManualBox-deaeebpyffrazpbischepzonjpmw/Build/Intermediates.noindex/ManualBox.build/Debug/ManualBoxTests.build/DerivedSources-normal/arm64 -Xcc -I/Users/peter_us/Library/Developer/Xcode/DerivedData/ManualBox-deaeebpyffrazpbischepzonjpmw/Build/Intermediates.noindex/ManualBox.build/Debug/ManualBoxTests.build/DerivedSources/arm64 -Xcc -I/Users/peter_us/Library/Developer/Xcode/DerivedData/ManualBox-deaeebpyffrazpbischepzonjpmw/Build/Intermediates.noindex/ManualBox.build/Debug/ManualBoxTests.build/DerivedSources -Xcc -DDEBUG\=1 -emit-objc-header -emit-objc-header-path /Users/peter_us/Library/Developer/Xcode/DerivedData/ManualBox-deaeebpyffrazpbischepzonjpmw/Build/Intermediates.noindex/ManualBox.build/Debug/ManualBoxTests.build/Objects-normal/arm64/ManualBoxTests-Swift.h -working-directory /Users/peter_us/Desktop/Github/manualbox -experimental-emit-module-separately -disable-cmo

ProcessProductPackagingDER /Users/peter_us/Library/Developer/Xcode/DerivedData/ManualBox-deaeebpyffrazpbischepzonjpmw/Build/Intermediates.noindex/ManualBox.build/Debug/ManualBoxUITests.build/ManualBoxUITests.xctest.xcent /Users/peter_us/Library/Developer/Xcode/DerivedData/ManualBox-deaeebpyffrazpbischepzonjpmw/Build/Intermediates.noindex/ManualBox.build/Debug/ManualBoxUITests.build/ManualBoxUITests.xctest.xcent.der (in target 'ManualBoxUITests' from project 'ManualBox')
    cd /Users/peter_us/Desktop/Github/manualbox
    /usr/bin/derq query -f xml -i /Users/peter_us/Library/Developer/Xcode/DerivedData/ManualBox-deaeebpyffrazpbischepzonjpmw/Build/Intermediates.noindex/ManualBox.build/Debug/ManualBoxUITests.build/ManualBoxUITests.xctest.xcent -o /Users/peter_us/Library/Developer/Xcode/DerivedData/ManualBox-deaeebpyffrazpbischepzonjpmw/Build/Intermediates.noindex/ManualBox.build/Debug/ManualBoxUITests.build/ManualBoxUITests.xctest.xcent.der --raw

SwiftDriver ManualBoxUITests normal arm64 com.apple.xcode.tools.swift.compiler (in target 'ManualBoxUITests' from project 'ManualBox')
    cd /Users/peter_us/Desktop/Github/manualbox
    builtin-SwiftDriver -- /Applications/Xcode.app/Contents/Developer/Toolchains/XcodeDefault.xctoolchain/usr/bin/swiftc -module-name ManualBoxUITests -Onone -enforce-exclusivity\=checked @/Users/peter_us/Library/Developer/Xcode/DerivedData/ManualBox-deaeebpyffrazpbischepzonjpmw/Build/Intermediates.noindex/ManualBox.build/Debug/ManualBoxUITests.build/Objects-normal/arm64/ManualBoxUITests.SwiftFileList -DDEBUG -module-alias Testing\=_Testing_Unavailable -plugin-path /Applications/Xcode.app/Contents/Developer/Toolchains/XcodeDefault.xctoolchain/usr/lib/swift/host/plugins/testing -enable-bare-slash-regex -enable-experimental-feature DebugDescriptionMacro -sdk /Applications/Xcode.app/Contents/Developer/Platforms/MacOSX.platform/Developer/SDKs/MacOSX15.5.sdk -target arm64-apple-macos15.4 -g -module-cache-path /Users/peter_us/Library/Developer/Xcode/DerivedData/ModuleCache.noindex -Xfrontend -serialize-debugging-options -profile-coverage-mapping -profile-generate -enable-testing -index-store-path /Users/peter_us/Library/Developer/Xcode/DerivedData/ManualBox-deaeebpyffrazpbischepzonjpmw/Index.noindex/DataStore -swift-version 5 -I /Users/peter_us/Library/Developer/Xcode/DerivedData/ManualBox-deaeebpyffrazpbischepzonjpmw/Build/Products/Debug -I /Applications/Xcode.app/Contents/Developer/Platforms/MacOSX.platform/Developer/usr/lib -F /Users/peter_us/Library/Developer/Xcode/DerivedData/ManualBox-deaeebpyffrazpbischepzonjpmw/Build/Products/Debug -F /Applications/Xcode.app/Contents/Developer/Platforms/MacOSX.platform/Developer/Library/Frameworks -c -j14 -enable-batch-mode -incremental -Xcc -ivfsstatcache -Xcc /Users/peter_us/Library/Developer/Xcode/DerivedData/SDKStatCaches.noindex/macosx15.5-24F74-8254517eb8b97d462ccbc072ba9094c9.sdkstatcache -output-file-map /Users/peter_us/Library/Developer/Xcode/DerivedData/ManualBox-deaeebpyffrazpbischepzonjpmw/Build/Intermediates.noindex/ManualBox.build/Debug/ManualBoxUITests.build/Objects-normal/arm64/ManualBoxUITests-OutputFileMap.json -use-frontend-parseable-output -save-temps -no-color-diagnostics -serialize-diagnostics -emit-dependencies -emit-module -emit-module-path /Users/peter_us/Library/Developer/Xcode/DerivedData/ManualBox-deaeebpyffrazpbischepzonjpmw/Build/Intermediates.noindex/ManualBox.build/Debug/ManualBoxUITests.build/Objects-normal/arm64/ManualBoxUITests.swiftmodule -validate-clang-modules-once -clang-build-session-file /Users/peter_us/Library/Developer/Xcode/DerivedData/ModuleCache.noindex/Session.modulevalidation -Xcc -I/Users/peter_us/Library/Developer/Xcode/DerivedData/ManualBox-deaeebpyffrazpbischepzonjpmw/Build/Intermediates.noindex/ManualBox.build/Debug/ManualBoxUITests.build/swift-overrides.hmap -emit-const-values -Xfrontend -const-gather-protocols-file -Xfrontend /Users/peter_us/Library/Developer/Xcode/DerivedData/ManualBox-deaeebpyffrazpbischepzonjpmw/Build/Intermediates.noindex/ManualBox.build/Debug/ManualBoxUITests.build/Objects-normal/arm64/ManualBoxUITests_const_extract_protocols.json -Xcc -iquote -Xcc /Users/peter_us/Library/Developer/Xcode/DerivedData/ManualBox-deaeebpyffrazpbischepzonjpmw/Build/Intermediates.noindex/ManualBox.build/Debug/ManualBoxUITests.build/ManualBoxUITests-generated-files.hmap -Xcc -I/Users/peter_us/Library/Developer/Xcode/DerivedData/ManualBox-deaeebpyffrazpbischepzonjpmw/Build/Intermediates.noindex/ManualBox.build/Debug/ManualBoxUITests.build/ManualBoxUITests-own-target-headers.hmap -Xcc -I/Users/peter_us/Library/Developer/Xcode/DerivedData/ManualBox-deaeebpyffrazpbischepzonjpmw/Build/Intermediates.noindex/ManualBox.build/Debug/ManualBoxUITests.build/ManualBoxUITests-all-target-headers.hmap -Xcc -iquote -Xcc /Users/peter_us/Library/Developer/Xcode/DerivedData/ManualBox-deaeebpyffrazpbischepzonjpmw/Build/Intermediates.noindex/ManualBox.build/Debug/ManualBoxUITests.build/ManualBoxUITests-project-headers.hmap -Xcc -I/Users/peter_us/Library/Developer/Xcode/DerivedData/ManualBox-deaeebpyffrazpbischepzonjpmw/Build/Products/Debug/include -Xcc -I/Users/peter_us/Library/Developer/Xcode/DerivedData/ManualBox-deaeebpyffrazpbischepzonjpmw/Build/Intermediates.noindex/ManualBox.build/Debug/ManualBoxUITests.build/DerivedSources-normal/arm64 -Xcc -I/Users/peter_us/Library/Developer/Xcode/DerivedData/ManualBox-deaeebpyffrazpbischepzonjpmw/Build/Intermediates.noindex/ManualBox.build/Debug/ManualBoxUITests.build/DerivedSources/arm64 -Xcc -I/Users/peter_us/Library/Developer/Xcode/DerivedData/ManualBox-deaeebpyffrazpbischepzonjpmw/Build/Intermediates.noindex/ManualBox.build/Debug/ManualBoxUITests.build/DerivedSources -Xcc -DDEBUG\=1 -emit-objc-header -emit-objc-header-path /Users/peter_us/Library/Developer/Xcode/DerivedData/ManualBox-deaeebpyffrazpbischepzonjpmw/Build/Intermediates.noindex/ManualBox.build/Debug/ManualBoxUITests.build/Objects-normal/arm64/ManualBoxUITests-Swift.h -working-directory /Users/peter_us/Desktop/Github/manualbox -experimental-emit-module-separately -disable-cmo

SwiftEmitModule normal arm64 Emitting\ module\ for\ ManualBoxTests (in target 'ManualBoxTests' from project 'ManualBox')

EmitSwiftModule normal arm64 (in target 'ManualBoxTests' from project 'ManualBox')
    cd /Users/peter_us/Desktop/Github/manualbox
    

SwiftCompile normal arm64 Compiling\ PersistenceInitializationTests.swift /Users/peter_us/Desktop/Github/manualbox/ManualBoxTests/PersistenceInitializationTests.swift (in target 'ManualBoxTests' from project 'ManualBox')
SwiftCompile normal arm64 /Users/peter_us/Desktop/Github/manualbox/ManualBoxTests/PersistenceInitializationTests.swift (in target 'ManualBoxTests' from project 'ManualBox')
    cd /Users/peter_us/Desktop/Github/manualbox
    

SwiftCompile normal arm64 Compiling\ ManualBoxTests.swift /Users/peter_us/Desktop/Github/manualbox/ManualBoxTests/ManualBoxTests.swift (in target 'ManualBoxTests' from project 'ManualBox')

SwiftCompile normal arm64 /Users/peter_us/Desktop/Github/manualbox/ManualBoxTests/ManualBoxTests.swift (in target 'ManualBoxTests' from project 'ManualBox')
    cd /Users/peter_us/Desktop/Github/manualbox
    

SwiftCompile normal arm64 Compiling\ PersistenceController+Testing.swift /Users/peter_us/Desktop/Github/manualbox/ManualBoxTests/TestSupport/PersistenceController+Testing.swift (in target 'ManualBoxTests' from project 'ManualBox')

SwiftCompile normal arm64 /Users/peter_us/Desktop/Github/manualbox/ManualBoxTests/TestSupport/PersistenceController+Testing.swift (in target 'ManualBoxTests' from project 'ManualBox')
    cd /Users/peter_us/Desktop/Github/manualbox
    

SwiftEmitModule normal arm64 Emitting\ module\ for\ ManualBoxUITests (in target 'ManualBoxUITests' from project 'ManualBox')

EmitSwiftModule normal arm64 (in target 'ManualBoxUITests' from project 'ManualBox')
    cd /Users/peter_us/Desktop/Github/manualbox
    

SwiftCompile normal arm64 Compiling\ ManualBoxUITestsLaunchTests.swift /Users/peter_us/Desktop/Github/manualbox/ManualBoxUITests/ManualBoxUITestsLaunchTests.swift (in target 'ManualBoxUITests' from project 'ManualBox')

SwiftCompile normal arm64 /Users/peter_us/Desktop/Github/manualbox/ManualBoxUITests/ManualBoxUITestsLaunchTests.swift (in target 'ManualBoxUITests' from project 'ManualBox')
    cd /Users/peter_us/Desktop/Github/manualbox
    

SwiftCompile normal arm64 Compiling\ ManualBoxUITests.swift /Users/peter_us/Desktop/Github/manualbox/ManualBoxUITests/ManualBoxUITests.swift (in target 'ManualBoxUITests' from project 'ManualBox')

SwiftCompile normal arm64 /Users/peter_us/Desktop/Github/manualbox/ManualBoxUITests/ManualBoxUITests.swift (in target 'ManualBoxUITests' from project 'ManualBox')
    cd /Users/peter_us/Desktop/Github/manualbox
    

Ld /Users/peter_us/Library/Developer/Xcode/DerivedData/ManualBox-deaeebpyffrazpbischepzonjpmw/Build/Products/Debug/ManualBox.app/Contents/MacOS/ManualBox.debug.dylib normal (in target 'ManualBox' from project 'ManualBox')
    cd /Users/peter_us/Desktop/Github/manualbox
    /Applications/Xcode.app/Contents/Developer/Toolchains/XcodeDefault.xctoolchain/usr/bin/clang -Xlinker -reproducible -target arm64-apple-macos15.0 -dynamiclib -isysroot /Applications/Xcode.app/Contents/Developer/Platforms/MacOSX.platform/Developer/SDKs/MacOSX15.5.sdk -O0 -L/Users/peter_us/Library/Developer/Xcode/DerivedData/ManualBox-deaeebpyffrazpbischepzonjpmw/Build/Intermediates.noindex/EagerLinkingTBDs/Debug -L/Users/peter_us/Library/Developer/Xcode/DerivedData/ManualBox-deaeebpyffrazpbischepzonjpmw/Build/Products/Debug -F/Users/peter_us/Library/Developer/Xcode/DerivedData/ManualBox-deaeebpyffrazpbischepzonjpmw/Build/Intermediates.noindex/EagerLinkingTBDs/Debug -F/Users/peter_us/Library/Developer/Xcode/DerivedData/ManualBox-deaeebpyffrazpbischepzonjpmw/Build/Products/Debug -filelist /Users/peter_us/Library/Developer/Xcode/DerivedData/ManualBox-deaeebpyffrazpbischepzonjpmw/Build/Intermediates.noindex/ManualBox.build/Debug/ManualBox.build/Objects-normal/arm64/ManualBox.LinkFileList -install_name @rpath/ManualBox.debug.dylib -Xlinker -rpath -Xlinker @executable_path/../Frameworks -dead_strip -Xlinker -object_path_lto -Xlinker /Users/peter_us/Library/Developer/Xcode/DerivedData/ManualBox-deaeebpyffrazpbischepzonjpmw/Build/Intermediates.noindex/ManualBox.build/Debug/ManualBox.build/Objects-normal/arm64/ManualBox_lto.o -rdynamic -Xlinker -no_deduplicate -Xlinker -debug_variant -Xlinker -dependency_info -Xlinker /Users/peter_us/Library/Developer/Xcode/DerivedData/ManualBox-deaeebpyffrazpbischepzonjpmw/Build/Intermediates.noindex/ManualBox.build/Debug/ManualBox.build/Objects-normal/arm64/ManualBox_dependency_info.dat -fobjc-link-runtime -fprofile-instr-generate -L/Applications/Xcode.app/Contents/Developer/Toolchains/XcodeDefault.xctoolchain/usr/lib/swift/macosx -L/usr/lib/swift -Xlinker -add_ast_path -Xlinker /Users/peter_us/Library/Developer/Xcode/DerivedData/ManualBox-deaeebpyffrazpbischepzonjpmw/Build/Intermediates.noindex/ManualBox.build/Debug/ManualBox.build/Objects-normal/arm64/ManualBox.swiftmodule -Xlinker -alias -Xlinker _main -Xlinker ___debug_main_executable_dylib_entry_point -Xlinker -no_adhoc_codesign -o /Users/peter_us/Library/Developer/Xcode/DerivedData/ManualBox-deaeebpyffrazpbischepzonjpmw/Build/Products/Debug/ManualBox.app/Contents/MacOS/ManualBox.debug.dylib

ConstructStubExecutorLinkFileList /Users/peter_us/Library/Developer/Xcode/DerivedData/ManualBox-deaeebpyffrazpbischepzonjpmw/Build/Intermediates.noindex/ManualBox.build/Debug/ManualBox.build/ManualBox-ExecutorLinkFileList-normal-arm64.txt (in target 'ManualBox' from project 'ManualBox')
    cd /Users/peter_us/Desktop/Github/manualbox
    construct-stub-executor-link-file-list /Users/peter_us/Library/Developer/Xcode/DerivedData/ManualBox-deaeebpyffrazpbischepzonjpmw/Build/Products/Debug/ManualBox.app/Contents/MacOS/ManualBox.debug.dylib /Applications/Xcode.app/Contents/Developer/Platforms/MacOSX.platform/Developer/usr/lib/libPreviewsJITStubExecutor_no_swift_entry_point.a /Applications/Xcode.app/Contents/Developer/Platforms/MacOSX.platform/Developer/usr/lib/libPreviewsJITStubExecutor.a --output /Users/peter_us/Library/Developer/Xcode/DerivedData/ManualBox-deaeebpyffrazpbischepzonjpmw/Build/Intermediates.noindex/ManualBox.build/Debug/ManualBox.build/ManualBox-ExecutorLinkFileList-normal-arm64.txt
note: Using stub executor library with Swift entry point. (in target 'ManualBox' from project 'ManualBox')

Ld /Users/peter_us/Library/Developer/Xcode/DerivedData/ManualBox-deaeebpyffrazpbischepzonjpmw/Build/Products/Debug/ManualBox.app/Contents/MacOS/ManualBox normal (in target 'ManualBox' from project 'ManualBox')
    cd /Users/peter_us/Desktop/Github/manualbox
    /Applications/Xcode.app/Contents/Developer/Toolchains/XcodeDefault.xctoolchain/usr/bin/clang -Xlinker -reproducible -target arm64-apple-macos15.0 -isysroot /Applications/Xcode.app/Contents/Developer/Platforms/MacOSX.platform/Developer/SDKs/MacOSX15.5.sdk -O0 -L/Users/peter_us/Library/Developer/Xcode/DerivedData/ManualBox-deaeebpyffrazpbischepzonjpmw/Build/Products/Debug -F/Users/peter_us/Library/Developer/Xcode/DerivedData/ManualBox-deaeebpyffrazpbischepzonjpmw/Build/Products/Debug -Xlinker -rpath -Xlinker @executable_path -Xlinker -rpath -Xlinker @executable_path/../Frameworks -rdynamic -Xlinker -no_deduplicate -Xlinker -debug_variant -e ___debug_blank_executor_main -Xlinker -sectcreate -Xlinker __TEXT -Xlinker __debug_dylib -Xlinker /Users/peter_us/Library/Developer/Xcode/DerivedData/ManualBox-deaeebpyffrazpbischepzonjpmw/Build/Intermediates.noindex/ManualBox.build/Debug/ManualBox.build/ManualBox-DebugDylibPath-normal-arm64.txt -Xlinker -sectcreate -Xlinker __TEXT -Xlinker __debug_instlnm -Xlinker /Users/peter_us/Library/Developer/Xcode/DerivedData/ManualBox-deaeebpyffrazpbischepzonjpmw/Build/Intermediates.noindex/ManualBox.build/Debug/ManualBox.build/ManualBox-DebugDylibInstallName-normal-arm64.txt -Xlinker -filelist -Xlinker /Users/peter_us/Library/Developer/Xcode/DerivedData/ManualBox-deaeebpyffrazpbischepzonjpmw/Build/Intermediates.noindex/ManualBox.build/Debug/ManualBox.build/ManualBox-ExecutorLinkFileList-normal-arm64.txt /Users/peter_us/Library/Developer/Xcode/DerivedData/ManualBox-deaeebpyffrazpbischepzonjpmw/Build/Products/Debug/ManualBox.app/Contents/MacOS/ManualBox.debug.dylib -Xlinker -no_adhoc_codesign -o /Users/peter_us/Library/Developer/Xcode/DerivedData/ManualBox-deaeebpyffrazpbischepzonjpmw/Build/Products/Debug/ManualBox.app/Contents/MacOS/ManualBox

CopySwiftLibs /Users/peter_us/Library/Developer/Xcode/DerivedData/ManualBox-deaeebpyffrazpbischepzonjpmw/Build/Products/Debug/ManualBox.app (in target 'ManualBox' from project 'ManualBox')
    cd /Users/peter_us/Desktop/Github/manualbox
    builtin-swiftStdLibTool --copy --verbose --sign 8B788B0751882B455F252C0BE7C6E82CF3F897FF --scan-executable /Users/peter_us/Library/Developer/Xcode/DerivedData/ManualBox-deaeebpyffrazpbischepzonjpmw/Build/Products/Debug/ManualBox.app/Contents/MacOS/ManualBox.debug.dylib --scan-folder /Users/peter_us/Library/Developer/Xcode/DerivedData/ManualBox-deaeebpyffrazpbischepzonjpmw/Build/Products/Debug/ManualBox.app/Contents/Frameworks --scan-folder /Users/peter_us/Library/Developer/Xcode/DerivedData/ManualBox-deaeebpyffrazpbischepzonjpmw/Build/Products/Debug/ManualBox.app/Contents/PlugIns --scan-folder /Users/peter_us/Library/Developer/Xcode/DerivedData/ManualBox-deaeebpyffrazpbischepzonjpmw/Build/Products/Debug/ManualBox.app/Contents/Library/SystemExtensions --scan-folder /Users/peter_us/Library/Developer/Xcode/DerivedData/ManualBox-deaeebpyffrazpbischepzonjpmw/Build/Products/Debug/ManualBox.app/Contents/Extensions --platform macosx --toolchain /Applications/Xcode.app/Contents/Developer/Toolchains/XcodeDefault.xctoolchain --destination /Users/peter_us/Library/Developer/Xcode/DerivedData/ManualBox-deaeebpyffrazpbischepzonjpmw/Build/Products/Debug/ManualBox.app/Contents/Frameworks --strip-bitcode --strip-bitcode-tool /Applications/Xcode.app/Contents/Developer/Toolchains/XcodeDefault.xctoolchain/usr/bin/bitcode_strip --emit-dependency-info /Users/peter_us/Library/Developer/Xcode/DerivedData/ManualBox-deaeebpyffrazpbischepzonjpmw/Build/Intermediates.noindex/ManualBox.build/Debug/ManualBox.build/SwiftStdLibToolInputDependencies.dep --filter-for-swift-os

ExtractAppIntentsMetadata (in target 'ManualBox' from project 'ManualBox')
    cd /Users/peter_us/Desktop/Github/manualbox
    /Applications/Xcode.app/Contents/Developer/Toolchains/XcodeDefault.xctoolchain/usr/bin/appintentsmetadataprocessor --toolchain-dir /Applications/Xcode.app/Contents/Developer/Toolchains/XcodeDefault.xctoolchain --module-name ManualBox --sdk-root /Applications/Xcode.app/Contents/Developer/Platforms/MacOSX.platform/Developer/SDKs/MacOSX15.5.sdk --xcode-version 16F6 --platform-family macOS --deployment-target 15.0 --bundle-identifier com.peter.ManualBox --output /Users/peter_us/Library/Developer/Xcode/DerivedData/ManualBox-deaeebpyffrazpbischepzonjpmw/Build/Products/Debug/ManualBox.app/Contents/Resources --target-triple arm64-apple-macos15.0 --binary-file /Users/peter_us/Library/Developer/Xcode/DerivedData/ManualBox-deaeebpyffrazpbischepzonjpmw/Build/Products/Debug/ManualBox.app/Contents/MacOS/ManualBox --dependency-file /Users/peter_us/Library/Developer/Xcode/DerivedData/ManualBox-deaeebpyffrazpbischepzonjpmw/Build/Intermediates.noindex/ManualBox.build/Debug/ManualBox.build/Objects-normal/arm64/ManualBox_dependency_info.dat --stringsdata-file /Users/peter_us/Library/Developer/Xcode/DerivedData/ManualBox-deaeebpyffrazpbischepzonjpmw/Build/Intermediates.noindex/ManualBox.build/Debug/ManualBox.build/Objects-normal/arm64/ExtractedAppShortcutsMetadata.stringsdata --source-file-list /Users/peter_us/Library/Developer/Xcode/DerivedData/ManualBox-deaeebpyffrazpbischepzonjpmw/Build/Intermediates.noindex/ManualBox.build/Debug/ManualBox.build/Objects-normal/arm64/ManualBox.SwiftFileList --metadata-file-list /Users/peter_us/Library/Developer/Xcode/DerivedData/ManualBox-deaeebpyffrazpbischepzonjpmw/Build/Intermediates.noindex/ManualBox.build/Debug/ManualBox.build/ManualBox.DependencyMetadataFileList --static-metadata-file-list /Users/peter_us/Library/Developer/Xcode/DerivedData/ManualBox-deaeebpyffrazpbischepzonjpmw/Build/Intermediates.noindex/ManualBox.build/Debug/ManualBox.build/ManualBox.DependencyStaticMetadataFileList --swift-const-vals-list /Users/peter_us/Library/Developer/Xcode/DerivedData/ManualBox-deaeebpyffrazpbischepzonjpmw/Build/Intermediates.noindex/ManualBox.build/Debug/ManualBox.build/Objects-normal/arm64/ManualBox.SwiftConstValuesFileList --compile-time-extraction --deployment-aware-processing --validate-assistant-intents --no-app-shortcuts-localization
2025-06-19 01:43:32.063 appintentsmetadataprocessor[49050:824896] Starting appintentsmetadataprocessor export
2025-06-19 01:43:32.064 appintentsmetadataprocessor[49050:824896] warning: Metadata extraction skipped. No AppIntents.framework dependency found.

ProcessInfoPlistFile /Users/peter_us/Library/Developer/Xcode/DerivedData/ManualBox-deaeebpyffrazpbischepzonjpmw/Build/Products/Debug/ManualBox.app/Contents/PlugIns/ManualBoxTests.xctest/Contents/Info.plist /Users/peter_us/Library/Developer/Xcode/DerivedData/ManualBox-deaeebpyffrazpbischepzonjpmw/Build/Intermediates.noindex/ManualBox.build/Debug/ManualBoxTests.build/empty-ManualBoxTests.plist (in target 'ManualBoxTests' from project 'ManualBox')
    cd /Users/peter_us/Desktop/Github/manualbox
    builtin-infoPlistUtility /Users/peter_us/Library/Developer/Xcode/DerivedData/ManualBox-deaeebpyffrazpbischepzonjpmw/Build/Intermediates.noindex/ManualBox.build/Debug/ManualBoxTests.build/empty-ManualBoxTests.plist -producttype com.apple.product-type.bundle.unit-test -expandbuildsettings -platform macosx -o /Users/peter_us/Library/Developer/Xcode/DerivedData/ManualBox-deaeebpyffrazpbischepzonjpmw/Build/Products/Debug/ManualBox.app/Contents/PlugIns/ManualBoxTests.xctest/Contents/Info.plist

SwiftDriverJobDiscovery normal arm64 Emitting module for ManualBoxUITests (in target 'ManualBoxUITests' from project 'ManualBox')

SwiftDriver\ Compilation\ Requirements ManualBoxUITests normal arm64 com.apple.xcode.tools.swift.compiler (in target 'ManualBoxUITests' from project 'ManualBox')
    cd /Users/peter_us/Desktop/Github/manualbox
    builtin-Swift-Compilation-Requirements -- /Applications/Xcode.app/Contents/Developer/Toolchains/XcodeDefault.xctoolchain/usr/bin/swiftc -module-name ManualBoxUITests -Onone -enforce-exclusivity\=checked @/Users/peter_us/Library/Developer/Xcode/DerivedData/ManualBox-deaeebpyffrazpbischepzonjpmw/Build/Intermediates.noindex/ManualBox.build/Debug/ManualBoxUITests.build/Objects-normal/arm64/ManualBoxUITests.SwiftFileList -DDEBUG -module-alias Testing\=_Testing_Unavailable -plugin-path /Applications/Xcode.app/Contents/Developer/Toolchains/XcodeDefault.xctoolchain/usr/lib/swift/host/plugins/testing -enable-bare-slash-regex -enable-experimental-feature DebugDescriptionMacro -sdk /Applications/Xcode.app/Contents/Developer/Platforms/MacOSX.platform/Developer/SDKs/MacOSX15.5.sdk -target arm64-apple-macos15.4 -g -module-cache-path /Users/peter_us/Library/Developer/Xcode/DerivedData/ModuleCache.noindex -Xfrontend -serialize-debugging-options -profile-coverage-mapping -profile-generate -enable-testing -index-store-path /Users/peter_us/Library/Developer/Xcode/DerivedData/ManualBox-deaeebpyffrazpbischepzonjpmw/Index.noindex/DataStore -swift-version 5 -I /Users/peter_us/Library/Developer/Xcode/DerivedData/ManualBox-deaeebpyffrazpbischepzonjpmw/Build/Products/Debug -I /Applications/Xcode.app/Contents/Developer/Platforms/MacOSX.platform/Developer/usr/lib -F /Users/peter_us/Library/Developer/Xcode/DerivedData/ManualBox-deaeebpyffrazpbischepzonjpmw/Build/Products/Debug -F /Applications/Xcode.app/Contents/Developer/Platforms/MacOSX.platform/Developer/Library/Frameworks -c -j14 -enable-batch-mode -incremental -Xcc -ivfsstatcache -Xcc /Users/peter_us/Library/Developer/Xcode/DerivedData/SDKStatCaches.noindex/macosx15.5-24F74-8254517eb8b97d462ccbc072ba9094c9.sdkstatcache -output-file-map /Users/peter_us/Library/Developer/Xcode/DerivedData/ManualBox-deaeebpyffrazpbischepzonjpmw/Build/Intermediates.noindex/ManualBox.build/Debug/ManualBoxUITests.build/Objects-normal/arm64/ManualBoxUITests-OutputFileMap.json -use-frontend-parseable-output -save-temps -no-color-diagnostics -serialize-diagnostics -emit-dependencies -emit-module -emit-module-path /Users/peter_us/Library/Developer/Xcode/DerivedData/ManualBox-deaeebpyffrazpbischepzonjpmw/Build/Intermediates.noindex/ManualBox.build/Debug/ManualBoxUITests.build/Objects-normal/arm64/ManualBoxUITests.swiftmodule -validate-clang-modules-once -clang-build-session-file /Users/peter_us/Library/Developer/Xcode/DerivedData/ModuleCache.noindex/Session.modulevalidation -Xcc -I/Users/peter_us/Library/Developer/Xcode/DerivedData/ManualBox-deaeebpyffrazpbischepzonjpmw/Build/Intermediates.noindex/ManualBox.build/Debug/ManualBoxUITests.build/swift-overrides.hmap -emit-const-values -Xfrontend -const-gather-protocols-file -Xfrontend /Users/peter_us/Library/Developer/Xcode/DerivedData/ManualBox-deaeebpyffrazpbischepzonjpmw/Build/Intermediates.noindex/ManualBox.build/Debug/ManualBoxUITests.build/Objects-normal/arm64/ManualBoxUITests_const_extract_protocols.json -Xcc -iquote -Xcc /Users/peter_us/Library/Developer/Xcode/DerivedData/ManualBox-deaeebpyffrazpbischepzonjpmw/Build/Intermediates.noindex/ManualBox.build/Debug/ManualBoxUITests.build/ManualBoxUITests-generated-files.hmap -Xcc -I/Users/peter_us/Library/Developer/Xcode/DerivedData/ManualBox-deaeebpyffrazpbischepzonjpmw/Build/Intermediates.noindex/ManualBox.build/Debug/ManualBoxUITests.build/ManualBoxUITests-own-target-headers.hmap -Xcc -I/Users/peter_us/Library/Developer/Xcode/DerivedData/ManualBox-deaeebpyffrazpbischepzonjpmw/Build/Intermediates.noindex/ManualBox.build/Debug/ManualBoxUITests.build/ManualBoxUITests-all-target-headers.hmap -Xcc -iquote -Xcc /Users/peter_us/Library/Developer/Xcode/DerivedData/ManualBox-deaeebpyffrazpbischepzonjpmw/Build/Intermediates.noindex/ManualBox.build/Debug/ManualBoxUITests.build/ManualBoxUITests-project-headers.hmap -Xcc -I/Users/peter_us/Library/Developer/Xcode/DerivedData/ManualBox-deaeebpyffrazpbischepzonjpmw/Build/Products/Debug/include -Xcc -I/Users/peter_us/Library/Developer/Xcode/DerivedData/ManualBox-deaeebpyffrazpbischepzonjpmw/Build/Intermediates.noindex/ManualBox.build/Debug/ManualBoxUITests.build/DerivedSources-normal/arm64 -Xcc -I/Users/peter_us/Library/Developer/Xcode/DerivedData/ManualBox-deaeebpyffrazpbischepzonjpmw/Build/Intermediates.noindex/ManualBox.build/Debug/ManualBoxUITests.build/DerivedSources/arm64 -Xcc -I/Users/peter_us/Library/Developer/Xcode/DerivedData/ManualBox-deaeebpyffrazpbischepzonjpmw/Build/Intermediates.noindex/ManualBox.build/Debug/ManualBoxUITests.build/DerivedSources -Xcc -DDEBUG\=1 -emit-objc-header -emit-objc-header-path /Users/peter_us/Library/Developer/Xcode/DerivedData/ManualBox-deaeebpyffrazpbischepzonjpmw/Build/Intermediates.noindex/ManualBox.build/Debug/ManualBoxUITests.build/Objects-normal/arm64/ManualBoxUITests-Swift.h -working-directory /Users/peter_us/Desktop/Github/manualbox -experimental-emit-module-separately -disable-cmo

SwiftMergeGeneratedHeaders /Users/peter_us/Library/Developer/Xcode/DerivedData/ManualBox-deaeebpyffrazpbischepzonjpmw/Build/Intermediates.noindex/ManualBox.build/Debug/ManualBoxUITests.build/DerivedSources/ManualBoxUITests-Swift.h /Users/peter_us/Library/Developer/Xcode/DerivedData/ManualBox-deaeebpyffrazpbischepzonjpmw/Build/Intermediates.noindex/ManualBox.build/Debug/ManualBoxUITests.build/Objects-normal/arm64/ManualBoxUITests-Swift.h (in target 'ManualBoxUITests' from project 'ManualBox')
    cd /Users/peter_us/Desktop/Github/manualbox
    builtin-swiftHeaderTool -arch arm64 /Users/peter_us/Library/Developer/Xcode/DerivedData/ManualBox-deaeebpyffrazpbischepzonjpmw/Build/Intermediates.noindex/ManualBox.build/Debug/ManualBoxUITests.build/Objects-normal/arm64/ManualBoxUITests-Swift.h -o /Users/peter_us/Library/Developer/Xcode/DerivedData/ManualBox-deaeebpyffrazpbischepzonjpmw/Build/Intermediates.noindex/ManualBox.build/Debug/ManualBoxUITests.build/DerivedSources/ManualBoxUITests-Swift.h

Copy /Users/peter_us/Library/Developer/Xcode/DerivedData/ManualBox-deaeebpyffrazpbischepzonjpmw/Build/Products/Debug/ManualBoxUITests.swiftmodule/arm64-apple-macos.abi.json /Users/peter_us/Library/Developer/Xcode/DerivedData/ManualBox-deaeebpyffrazpbischepzonjpmw/Build/Intermediates.noindex/ManualBox.build/Debug/ManualBoxUITests.build/Objects-normal/arm64/ManualBoxUITests.abi.json (in target 'ManualBoxUITests' from project 'ManualBox')
    cd /Users/peter_us/Desktop/Github/manualbox
    builtin-copy -exclude .DS_Store -exclude CVS -exclude .svn -exclude .git -exclude .hg -resolve-src-symlinks -rename /Users/peter_us/Library/Developer/Xcode/DerivedData/ManualBox-deaeebpyffrazpbischepzonjpmw/Build/Intermediates.noindex/ManualBox.build/Debug/ManualBoxUITests.build/Objects-normal/arm64/ManualBoxUITests.abi.json /Users/peter_us/Library/Developer/Xcode/DerivedData/ManualBox-deaeebpyffrazpbischepzonjpmw/Build/Products/Debug/ManualBoxUITests.swiftmodule/arm64-apple-macos.abi.json

Copy /Users/peter_us/Library/Developer/Xcode/DerivedData/ManualBox-deaeebpyffrazpbischepzonjpmw/Build/Products/Debug/ManualBoxUITests.swiftmodule/arm64-apple-macos.swiftdoc /Users/peter_us/Library/Developer/Xcode/DerivedData/ManualBox-deaeebpyffrazpbischepzonjpmw/Build/Intermediates.noindex/ManualBox.build/Debug/ManualBoxUITests.build/Objects-normal/arm64/ManualBoxUITests.swiftdoc (in target 'ManualBoxUITests' from project 'ManualBox')
    cd /Users/peter_us/Desktop/Github/manualbox
    builtin-copy -exclude .DS_Store -exclude CVS -exclude .svn -exclude .git -exclude .hg -resolve-src-symlinks -rename /Users/peter_us/Library/Developer/Xcode/DerivedData/ManualBox-deaeebpyffrazpbischepzonjpmw/Build/Intermediates.noindex/ManualBox.build/Debug/ManualBoxUITests.build/Objects-normal/arm64/ManualBoxUITests.swiftdoc /Users/peter_us/Library/Developer/Xcode/DerivedData/ManualBox-deaeebpyffrazpbischepzonjpmw/Build/Products/Debug/ManualBoxUITests.swiftmodule/arm64-apple-macos.swiftdoc

Copy /Users/peter_us/Library/Developer/Xcode/DerivedData/ManualBox-deaeebpyffrazpbischepzonjpmw/Build/Products/Debug/ManualBoxUITests.swiftmodule/arm64-apple-macos.swiftmodule /Users/peter_us/Library/Developer/Xcode/DerivedData/ManualBox-deaeebpyffrazpbischepzonjpmw/Build/Intermediates.noindex/ManualBox.build/Debug/ManualBoxUITests.build/Objects-normal/arm64/ManualBoxUITests.swiftmodule (in target 'ManualBoxUITests' from project 'ManualBox')
    cd /Users/peter_us/Desktop/Github/manualbox
    builtin-copy -exclude .DS_Store -exclude CVS -exclude .svn -exclude .git -exclude .hg -resolve-src-symlinks -rename /Users/peter_us/Library/Developer/Xcode/DerivedData/ManualBox-deaeebpyffrazpbischepzonjpmw/Build/Intermediates.noindex/ManualBox.build/Debug/ManualBoxUITests.build/Objects-normal/arm64/ManualBoxUITests.swiftmodule /Users/peter_us/Library/Developer/Xcode/DerivedData/ManualBox-deaeebpyffrazpbischepzonjpmw/Build/Products/Debug/ManualBoxUITests.swiftmodule/arm64-apple-macos.swiftmodule

Copy /Users/peter_us/Library/Developer/Xcode/DerivedData/ManualBox-deaeebpyffrazpbischepzonjpmw/Build/Products/Debug/ManualBoxUITests.swiftmodule/Project/arm64-apple-macos.swiftsourceinfo /Users/peter_us/Library/Developer/Xcode/DerivedData/ManualBox-deaeebpyffrazpbischepzonjpmw/Build/Intermediates.noindex/ManualBox.build/Debug/ManualBoxUITests.build/Objects-normal/arm64/ManualBoxUITests.swiftsourceinfo (in target 'ManualBoxUITests' from project 'ManualBox')
    cd /Users/peter_us/Desktop/Github/manualbox
    builtin-copy -exclude .DS_Store -exclude CVS -exclude .svn -exclude .git -exclude .hg -resolve-src-symlinks -rename /Users/peter_us/Library/Developer/Xcode/DerivedData/ManualBox-deaeebpyffrazpbischepzonjpmw/Build/Intermediates.noindex/ManualBox.build/Debug/ManualBoxUITests.build/Objects-normal/arm64/ManualBoxUITests.swiftsourceinfo /Users/peter_us/Library/Developer/Xcode/DerivedData/ManualBox-deaeebpyffrazpbischepzonjpmw/Build/Products/Debug/ManualBoxUITests.swiftmodule/Project/arm64-apple-macos.swiftsourceinfo

SwiftDriverJobDiscovery normal arm64 Compiling ManualBoxUITestsLaunchTests.swift (in target 'ManualBoxUITests' from project 'ManualBox')

SwiftDriverJobDiscovery normal arm64 Compiling ManualBoxUITests.swift (in target 'ManualBoxUITests' from project 'ManualBox')

SwiftDriver\ Compilation ManualBoxUITests normal arm64 com.apple.xcode.tools.swift.compiler (in target 'ManualBoxUITests' from project 'ManualBox')
    cd /Users/peter_us/Desktop/Github/manualbox
    builtin-Swift-Compilation -- /Applications/Xcode.app/Contents/Developer/Toolchains/XcodeDefault.xctoolchain/usr/bin/swiftc -module-name ManualBoxUITests -Onone -enforce-exclusivity\=checked @/Users/peter_us/Library/Developer/Xcode/DerivedData/ManualBox-deaeebpyffrazpbischepzonjpmw/Build/Intermediates.noindex/ManualBox.build/Debug/ManualBoxUITests.build/Objects-normal/arm64/ManualBoxUITests.SwiftFileList -DDEBUG -module-alias Testing\=_Testing_Unavailable -plugin-path /Applications/Xcode.app/Contents/Developer/Toolchains/XcodeDefault.xctoolchain/usr/lib/swift/host/plugins/testing -enable-bare-slash-regex -enable-experimental-feature DebugDescriptionMacro -sdk /Applications/Xcode.app/Contents/Developer/Platforms/MacOSX.platform/Developer/SDKs/MacOSX15.5.sdk -target arm64-apple-macos15.4 -g -module-cache-path /Users/peter_us/Library/Developer/Xcode/DerivedData/ModuleCache.noindex -Xfrontend -serialize-debugging-options -profile-coverage-mapping -profile-generate -enable-testing -index-store-path /Users/peter_us/Library/Developer/Xcode/DerivedData/ManualBox-deaeebpyffrazpbischepzonjpmw/Index.noindex/DataStore -swift-version 5 -I /Users/peter_us/Library/Developer/Xcode/DerivedData/ManualBox-deaeebpyffrazpbischepzonjpmw/Build/Products/Debug -I /Applications/Xcode.app/Contents/Developer/Platforms/MacOSX.platform/Developer/usr/lib -F /Users/peter_us/Library/Developer/Xcode/DerivedData/ManualBox-deaeebpyffrazpbischepzonjpmw/Build/Products/Debug -F /Applications/Xcode.app/Contents/Developer/Platforms/MacOSX.platform/Developer/Library/Frameworks -c -j14 -enable-batch-mode -incremental -Xcc -ivfsstatcache -Xcc /Users/peter_us/Library/Developer/Xcode/DerivedData/SDKStatCaches.noindex/macosx15.5-24F74-8254517eb8b97d462ccbc072ba9094c9.sdkstatcache -output-file-map /Users/peter_us/Library/Developer/Xcode/DerivedData/ManualBox-deaeebpyffrazpbischepzonjpmw/Build/Intermediates.noindex/ManualBox.build/Debug/ManualBoxUITests.build/Objects-normal/arm64/ManualBoxUITests-OutputFileMap.json -use-frontend-parseable-output -save-temps -no-color-diagnostics -serialize-diagnostics -emit-dependencies -emit-module -emit-module-path /Users/peter_us/Library/Developer/Xcode/DerivedData/ManualBox-deaeebpyffrazpbischepzonjpmw/Build/Intermediates.noindex/ManualBox.build/Debug/ManualBoxUITests.build/Objects-normal/arm64/ManualBoxUITests.swiftmodule -validate-clang-modules-once -clang-build-session-file /Users/peter_us/Library/Developer/Xcode/DerivedData/ModuleCache.noindex/Session.modulevalidation -Xcc -I/Users/peter_us/Library/Developer/Xcode/DerivedData/ManualBox-deaeebpyffrazpbischepzonjpmw/Build/Intermediates.noindex/ManualBox.build/Debug/ManualBoxUITests.build/swift-overrides.hmap -emit-const-values -Xfrontend -const-gather-protocols-file -Xfrontend /Users/peter_us/Library/Developer/Xcode/DerivedData/ManualBox-deaeebpyffrazpbischepzonjpmw/Build/Intermediates.noindex/ManualBox.build/Debug/ManualBoxUITests.build/Objects-normal/arm64/ManualBoxUITests_const_extract_protocols.json -Xcc -iquote -Xcc /Users/peter_us/Library/Developer/Xcode/DerivedData/ManualBox-deaeebpyffrazpbischepzonjpmw/Build/Intermediates.noindex/ManualBox.build/Debug/ManualBoxUITests.build/ManualBoxUITests-generated-files.hmap -Xcc -I/Users/peter_us/Library/Developer/Xcode/DerivedData/ManualBox-deaeebpyffrazpbischepzonjpmw/Build/Intermediates.noindex/ManualBox.build/Debug/ManualBoxUITests.build/ManualBoxUITests-own-target-headers.hmap -Xcc -I/Users/peter_us/Library/Developer/Xcode/DerivedData/ManualBox-deaeebpyffrazpbischepzonjpmw/Build/Intermediates.noindex/ManualBox.build/Debug/ManualBoxUITests.build/ManualBoxUITests-all-target-headers.hmap -Xcc -iquote -Xcc /Users/peter_us/Library/Developer/Xcode/DerivedData/ManualBox-deaeebpyffrazpbischepzonjpmw/Build/Intermediates.noindex/ManualBox.build/Debug/ManualBoxUITests.build/ManualBoxUITests-project-headers.hmap -Xcc -I/Users/peter_us/Library/Developer/Xcode/DerivedData/ManualBox-deaeebpyffrazpbischepzonjpmw/Build/Products/Debug/include -Xcc -I/Users/peter_us/Library/Developer/Xcode/DerivedData/ManualBox-deaeebpyffrazpbischepzonjpmw/Build/Intermediates.noindex/ManualBox.build/Debug/ManualBoxUITests.build/DerivedSources-normal/arm64 -Xcc -I/Users/peter_us/Library/Developer/Xcode/DerivedData/ManualBox-deaeebpyffrazpbischepzonjpmw/Build/Intermediates.noindex/ManualBox.build/Debug/ManualBoxUITests.build/DerivedSources/arm64 -Xcc -I/Users/peter_us/Library/Developer/Xcode/DerivedData/ManualBox-deaeebpyffrazpbischepzonjpmw/Build/Intermediates.noindex/ManualBox.build/Debug/ManualBoxUITests.build/DerivedSources -Xcc -DDEBUG\=1 -emit-objc-header -emit-objc-header-path /Users/peter_us/Library/Developer/Xcode/DerivedData/ManualBox-deaeebpyffrazpbischepzonjpmw/Build/Intermediates.noindex/ManualBox.build/Debug/ManualBoxUITests.build/Objects-normal/arm64/ManualBoxUITests-Swift.h -working-directory /Users/peter_us/Desktop/Github/manualbox -experimental-emit-module-separately -disable-cmo

SwiftDriverJobDiscovery normal arm64 Emitting module for ManualBoxTests (in target 'ManualBoxTests' from project 'ManualBox')

SwiftDriver\ Compilation\ Requirements ManualBoxTests normal arm64 com.apple.xcode.tools.swift.compiler (in target 'ManualBoxTests' from project 'ManualBox')
    cd /Users/peter_us/Desktop/Github/manualbox
    builtin-Swift-Compilation-Requirements -- /Applications/Xcode.app/Contents/Developer/Toolchains/XcodeDefault.xctoolchain/usr/bin/swiftc -module-name ManualBoxTests -Onone -enforce-exclusivity\=checked @/Users/peter_us/Library/Developer/Xcode/DerivedData/ManualBox-deaeebpyffrazpbischepzonjpmw/Build/Intermediates.noindex/ManualBox.build/Debug/ManualBoxTests.build/Objects-normal/arm64/ManualBoxTests.SwiftFileList -DDEBUG -plugin-path /Applications/Xcode.app/Contents/Developer/Toolchains/XcodeDefault.xctoolchain/usr/lib/swift/host/plugins/testing -enable-bare-slash-regex -enable-experimental-feature DebugDescriptionMacro -sdk /Applications/Xcode.app/Contents/Developer/Platforms/MacOSX.platform/Developer/SDKs/MacOSX15.5.sdk -target arm64-apple-macos15.4 -g -module-cache-path /Users/peter_us/Library/Developer/Xcode/DerivedData/ModuleCache.noindex -Xfrontend -serialize-debugging-options -profile-coverage-mapping -profile-generate -enable-testing -index-store-path /Users/peter_us/Library/Developer/Xcode/DerivedData/ManualBox-deaeebpyffrazpbischepzonjpmw/Index.noindex/DataStore -swift-version 5 -I /Users/peter_us/Library/Developer/Xcode/DerivedData/ManualBox-deaeebpyffrazpbischepzonjpmw/Build/Products/Debug -I /Applications/Xcode.app/Contents/Developer/Platforms/MacOSX.platform/Developer/usr/lib -F /Users/peter_us/Library/Developer/Xcode/DerivedData/ManualBox-deaeebpyffrazpbischepzonjpmw/Build/Products/Debug -F /Applications/Xcode.app/Contents/Developer/Platforms/MacOSX.platform/Developer/Library/Frameworks -c -j14 -enable-batch-mode -incremental -Xcc -ivfsstatcache -Xcc /Users/peter_us/Library/Developer/Xcode/DerivedData/SDKStatCaches.noindex/macosx15.5-24F74-8254517eb8b97d462ccbc072ba9094c9.sdkstatcache -output-file-map /Users/peter_us/Library/Developer/Xcode/DerivedData/ManualBox-deaeebpyffrazpbischepzonjpmw/Build/Intermediates.noindex/ManualBox.build/Debug/ManualBoxTests.build/Objects-normal/arm64/ManualBoxTests-OutputFileMap.json -use-frontend-parseable-output -save-temps -no-color-diagnostics -serialize-diagnostics -emit-dependencies -emit-module -emit-module-path /Users/peter_us/Library/Developer/Xcode/DerivedData/ManualBox-deaeebpyffrazpbischepzonjpmw/Build/Intermediates.noindex/ManualBox.build/Debug/ManualBoxTests.build/Objects-normal/arm64/ManualBoxTests.swiftmodule -validate-clang-modules-once -clang-build-session-file /Users/peter_us/Library/Developer/Xcode/DerivedData/ModuleCache.noindex/Session.modulevalidation -Xcc -I/Users/peter_us/Library/Developer/Xcode/DerivedData/ManualBox-deaeebpyffrazpbischepzonjpmw/Build/Intermediates.noindex/ManualBox.build/Debug/ManualBoxTests.build/swift-overrides.hmap -emit-const-values -Xfrontend -const-gather-protocols-file -Xfrontend /Users/peter_us/Library/Developer/Xcode/DerivedData/ManualBox-deaeebpyffrazpbischepzonjpmw/Build/Intermediates.noindex/ManualBox.build/Debug/ManualBoxTests.build/Objects-normal/arm64/ManualBoxTests_const_extract_protocols.json -Xcc -iquote -Xcc /Users/peter_us/Library/Developer/Xcode/DerivedData/ManualBox-deaeebpyffrazpbischepzonjpmw/Build/Intermediates.noindex/ManualBox.build/Debug/ManualBoxTests.build/ManualBoxTests-generated-files.hmap -Xcc -I/Users/peter_us/Library/Developer/Xcode/DerivedData/ManualBox-deaeebpyffrazpbischepzonjpmw/Build/Intermediates.noindex/ManualBox.build/Debug/ManualBoxTests.build/ManualBoxTests-own-target-headers.hmap -Xcc -I/Users/peter_us/Library/Developer/Xcode/DerivedData/ManualBox-deaeebpyffrazpbischepzonjpmw/Build/Intermediates.noindex/ManualBox.build/Debug/ManualBoxTests.build/ManualBoxTests-all-target-headers.hmap -Xcc -iquote -Xcc /Users/peter_us/Library/Developer/Xcode/DerivedData/ManualBox-deaeebpyffrazpbischepzonjpmw/Build/Intermediates.noindex/ManualBox.build/Debug/ManualBoxTests.build/ManualBoxTests-project-headers.hmap -Xcc -I/Users/peter_us/Library/Developer/Xcode/DerivedData/ManualBox-deaeebpyffrazpbischepzonjpmw/Build/Products/Debug/include -Xcc -I/Users/peter_us/Library/Developer/Xcode/DerivedData/ManualBox-deaeebpyffrazpbischepzonjpmw/Build/Intermediates.noindex/ManualBox.build/Debug/ManualBoxTests.build/DerivedSources-normal/arm64 -Xcc -I/Users/peter_us/Library/Developer/Xcode/DerivedData/ManualBox-deaeebpyffrazpbischepzonjpmw/Build/Intermediates.noindex/ManualBox.build/Debug/ManualBoxTests.build/DerivedSources/arm64 -Xcc -I/Users/peter_us/Library/Developer/Xcode/DerivedData/ManualBox-deaeebpyffrazpbischepzonjpmw/Build/Intermediates.noindex/ManualBox.build/Debug/ManualBoxTests.build/DerivedSources -Xcc -DDEBUG\=1 -emit-objc-header -emit-objc-header-path /Users/peter_us/Library/Developer/Xcode/DerivedData/ManualBox-deaeebpyffrazpbischepzonjpmw/Build/Intermediates.noindex/ManualBox.build/Debug/ManualBoxTests.build/Objects-normal/arm64/ManualBoxTests-Swift.h -working-directory /Users/peter_us/Desktop/Github/manualbox -experimental-emit-module-separately -disable-cmo

SwiftMergeGeneratedHeaders /Users/peter_us/Library/Developer/Xcode/DerivedData/ManualBox-deaeebpyffrazpbischepzonjpmw/Build/Intermediates.noindex/ManualBox.build/Debug/ManualBoxTests.build/DerivedSources/ManualBoxTests-Swift.h /Users/peter_us/Library/Developer/Xcode/DerivedData/ManualBox-deaeebpyffrazpbischepzonjpmw/Build/Intermediates.noindex/ManualBox.build/Debug/ManualBoxTests.build/Objects-normal/arm64/ManualBoxTests-Swift.h (in target 'ManualBoxTests' from project 'ManualBox')
    cd /Users/peter_us/Desktop/Github/manualbox
    builtin-swiftHeaderTool -arch arm64 /Users/peter_us/Library/Developer/Xcode/DerivedData/ManualBox-deaeebpyffrazpbischepzonjpmw/Build/Intermediates.noindex/ManualBox.build/Debug/ManualBoxTests.build/Objects-normal/arm64/ManualBoxTests-Swift.h -o /Users/peter_us/Library/Developer/Xcode/DerivedData/ManualBox-deaeebpyffrazpbischepzonjpmw/Build/Intermediates.noindex/ManualBox.build/Debug/ManualBoxTests.build/DerivedSources/ManualBoxTests-Swift.h

Copy /Users/peter_us/Library/Developer/Xcode/DerivedData/ManualBox-deaeebpyffrazpbischepzonjpmw/Build/Products/Debug/ManualBoxTests.swiftmodule/arm64-apple-macos.swiftmodule /Users/peter_us/Library/Developer/Xcode/DerivedData/ManualBox-deaeebpyffrazpbischepzonjpmw/Build/Intermediates.noindex/ManualBox.build/Debug/ManualBoxTests.build/Objects-normal/arm64/ManualBoxTests.swiftmodule (in target 'ManualBoxTests' from project 'ManualBox')
    cd /Users/peter_us/Desktop/Github/manualbox
    builtin-copy -exclude .DS_Store -exclude CVS -exclude .svn -exclude .git -exclude .hg -resolve-src-symlinks -rename /Users/peter_us/Library/Developer/Xcode/DerivedData/ManualBox-deaeebpyffrazpbischepzonjpmw/Build/Intermediates.noindex/ManualBox.build/Debug/ManualBoxTests.build/Objects-normal/arm64/ManualBoxTests.swiftmodule /Users/peter_us/Library/Developer/Xcode/DerivedData/ManualBox-deaeebpyffrazpbischepzonjpmw/Build/Products/Debug/ManualBoxTests.swiftmodule/arm64-apple-macos.swiftmodule

Copy /Users/peter_us/Library/Developer/Xcode/DerivedData/ManualBox-deaeebpyffrazpbischepzonjpmw/Build/Products/Debug/ManualBoxTests.swiftmodule/arm64-apple-macos.swiftdoc /Users/peter_us/Library/Developer/Xcode/DerivedData/ManualBox-deaeebpyffrazpbischepzonjpmw/Build/Intermediates.noindex/ManualBox.build/Debug/ManualBoxTests.build/Objects-normal/arm64/ManualBoxTests.swiftdoc (in target 'ManualBoxTests' from project 'ManualBox')
    cd /Users/peter_us/Desktop/Github/manualbox
    builtin-copy -exclude .DS_Store -exclude CVS -exclude .svn -exclude .git -exclude .hg -resolve-src-symlinks -rename /Users/peter_us/Library/Developer/Xcode/DerivedData/ManualBox-deaeebpyffrazpbischepzonjpmw/Build/Intermediates.noindex/ManualBox.build/Debug/ManualBoxTests.build/Objects-normal/arm64/ManualBoxTests.swiftdoc /Users/peter_us/Library/Developer/Xcode/DerivedData/ManualBox-deaeebpyffrazpbischepzonjpmw/Build/Products/Debug/ManualBoxTests.swiftmodule/arm64-apple-macos.swiftdoc

Copy /Users/peter_us/Library/Developer/Xcode/DerivedData/ManualBox-deaeebpyffrazpbischepzonjpmw/Build/Products/Debug/ManualBoxTests.swiftmodule/arm64-apple-macos.abi.json /Users/peter_us/Library/Developer/Xcode/DerivedData/ManualBox-deaeebpyffrazpbischepzonjpmw/Build/Intermediates.noindex/ManualBox.build/Debug/ManualBoxTests.build/Objects-normal/arm64/ManualBoxTests.abi.json (in target 'ManualBoxTests' from project 'ManualBox')
    cd /Users/peter_us/Desktop/Github/manualbox
    builtin-copy -exclude .DS_Store -exclude CVS -exclude .svn -exclude .git -exclude .hg -resolve-src-symlinks -rename /Users/peter_us/Library/Developer/Xcode/DerivedData/ManualBox-deaeebpyffrazpbischepzonjpmw/Build/Intermediates.noindex/ManualBox.build/Debug/ManualBoxTests.build/Objects-normal/arm64/ManualBoxTests.abi.json /Users/peter_us/Library/Developer/Xcode/DerivedData/ManualBox-deaeebpyffrazpbischepzonjpmw/Build/Products/Debug/ManualBoxTests.swiftmodule/arm64-apple-macos.abi.json

Copy /Users/peter_us/Library/Developer/Xcode/DerivedData/ManualBox-deaeebpyffrazpbischepzonjpmw/Build/Products/Debug/ManualBoxTests.swiftmodule/Project/arm64-apple-macos.swiftsourceinfo /Users/peter_us/Library/Developer/Xcode/DerivedData/ManualBox-deaeebpyffrazpbischepzonjpmw/Build/Intermediates.noindex/ManualBox.build/Debug/ManualBoxTests.build/Objects-normal/arm64/ManualBoxTests.swiftsourceinfo (in target 'ManualBoxTests' from project 'ManualBox')
    cd /Users/peter_us/Desktop/Github/manualbox
    builtin-copy -exclude .DS_Store -exclude CVS -exclude .svn -exclude .git -exclude .hg -resolve-src-symlinks -rename /Users/peter_us/Library/Developer/Xcode/DerivedData/ManualBox-deaeebpyffrazpbischepzonjpmw/Build/Intermediates.noindex/ManualBox.build/Debug/ManualBoxTests.build/Objects-normal/arm64/ManualBoxTests.swiftsourceinfo /Users/peter_us/Library/Developer/Xcode/DerivedData/ManualBox-deaeebpyffrazpbischepzonjpmw/Build/Products/Debug/ManualBoxTests.swiftmodule/Project/arm64-apple-macos.swiftsourceinfo

SwiftDriverJobDiscovery normal arm64 Compiling PersistenceController+Testing.swift (in target 'ManualBoxTests' from project 'ManualBox')

SwiftDriverJobDiscovery normal arm64 Compiling ManualBoxTests.swift (in target 'ManualBoxTests' from project 'ManualBox')

SwiftDriverJobDiscovery normal arm64 Compiling PersistenceInitializationTests.swift (in target 'ManualBoxTests' from project 'ManualBox')

SwiftDriver\ Compilation ManualBoxTests normal arm64 com.apple.xcode.tools.swift.compiler (in target 'ManualBoxTests' from project 'ManualBox')
    cd /Users/peter_us/Desktop/Github/manualbox
    builtin-Swift-Compilation -- /Applications/Xcode.app/Contents/Developer/Toolchains/XcodeDefault.xctoolchain/usr/bin/swiftc -module-name ManualBoxTests -Onone -enforce-exclusivity\=checked @/Users/peter_us/Library/Developer/Xcode/DerivedData/ManualBox-deaeebpyffrazpbischepzonjpmw/Build/Intermediates.noindex/ManualBox.build/Debug/ManualBoxTests.build/Objects-normal/arm64/ManualBoxTests.SwiftFileList -DDEBUG -plugin-path /Applications/Xcode.app/Contents/Developer/Toolchains/XcodeDefault.xctoolchain/usr/lib/swift/host/plugins/testing -enable-bare-slash-regex -enable-experimental-feature DebugDescriptionMacro -sdk /Applications/Xcode.app/Contents/Developer/Platforms/MacOSX.platform/Developer/SDKs/MacOSX15.5.sdk -target arm64-apple-macos15.4 -g -module-cache-path /Users/peter_us/Library/Developer/Xcode/DerivedData/ModuleCache.noindex -Xfrontend -serialize-debugging-options -profile-coverage-mapping -profile-generate -enable-testing -index-store-path /Users/peter_us/Library/Developer/Xcode/DerivedData/ManualBox-deaeebpyffrazpbischepzonjpmw/Index.noindex/DataStore -swift-version 5 -I /Users/peter_us/Library/Developer/Xcode/DerivedData/ManualBox-deaeebpyffrazpbischepzonjpmw/Build/Products/Debug -I /Applications/Xcode.app/Contents/Developer/Platforms/MacOSX.platform/Developer/usr/lib -F /Users/peter_us/Library/Developer/Xcode/DerivedData/ManualBox-deaeebpyffrazpbischepzonjpmw/Build/Products/Debug -F /Applications/Xcode.app/Contents/Developer/Platforms/MacOSX.platform/Developer/Library/Frameworks -c -j14 -enable-batch-mode -incremental -Xcc -ivfsstatcache -Xcc /Users/peter_us/Library/Developer/Xcode/DerivedData/SDKStatCaches.noindex/macosx15.5-24F74-8254517eb8b97d462ccbc072ba9094c9.sdkstatcache -output-file-map /Users/peter_us/Library/Developer/Xcode/DerivedData/ManualBox-deaeebpyffrazpbischepzonjpmw/Build/Intermediates.noindex/ManualBox.build/Debug/ManualBoxTests.build/Objects-normal/arm64/ManualBoxTests-OutputFileMap.json -use-frontend-parseable-output -save-temps -no-color-diagnostics -serialize-diagnostics -emit-dependencies -emit-module -emit-module-path /Users/peter_us/Library/Developer/Xcode/DerivedData/ManualBox-deaeebpyffrazpbischepzonjpmw/Build/Intermediates.noindex/ManualBox.build/Debug/ManualBoxTests.build/Objects-normal/arm64/ManualBoxTests.swiftmodule -validate-clang-modules-once -clang-build-session-file /Users/peter_us/Library/Developer/Xcode/DerivedData/ModuleCache.noindex/Session.modulevalidation -Xcc -I/Users/peter_us/Library/Developer/Xcode/DerivedData/ManualBox-deaeebpyffrazpbischepzonjpmw/Build/Intermediates.noindex/ManualBox.build/Debug/ManualBoxTests.build/swift-overrides.hmap -emit-const-values -Xfrontend -const-gather-protocols-file -Xfrontend /Users/peter_us/Library/Developer/Xcode/DerivedData/ManualBox-deaeebpyffrazpbischepzonjpmw/Build/Intermediates.noindex/ManualBox.build/Debug/ManualBoxTests.build/Objects-normal/arm64/ManualBoxTests_const_extract_protocols.json -Xcc -iquote -Xcc /Users/peter_us/Library/Developer/Xcode/DerivedData/ManualBox-deaeebpyffrazpbischepzonjpmw/Build/Intermediates.noindex/ManualBox.build/Debug/ManualBoxTests.build/ManualBoxTests-generated-files.hmap -Xcc -I/Users/peter_us/Library/Developer/Xcode/DerivedData/ManualBox-deaeebpyffrazpbischepzonjpmw/Build/Intermediates.noindex/ManualBox.build/Debug/ManualBoxTests.build/ManualBoxTests-own-target-headers.hmap -Xcc -I/Users/peter_us/Library/Developer/Xcode/DerivedData/ManualBox-deaeebpyffrazpbischepzonjpmw/Build/Intermediates.noindex/ManualBox.build/Debug/ManualBoxTests.build/ManualBoxTests-all-target-headers.hmap -Xcc -iquote -Xcc /Users/peter_us/Library/Developer/Xcode/DerivedData/ManualBox-deaeebpyffrazpbischepzonjpmw/Build/Intermediates.noindex/ManualBox.build/Debug/ManualBoxTests.build/ManualBoxTests-project-headers.hmap -Xcc -I/Users/peter_us/Library/Developer/Xcode/DerivedData/ManualBox-deaeebpyffrazpbischepzonjpmw/Build/Products/Debug/include -Xcc -I/Users/peter_us/Library/Developer/Xcode/DerivedData/ManualBox-deaeebpyffrazpbischepzonjpmw/Build/Intermediates.noindex/ManualBox.build/Debug/ManualBoxTests.build/DerivedSources-normal/arm64 -Xcc -I/Users/peter_us/Library/Developer/Xcode/DerivedData/ManualBox-deaeebpyffrazpbischepzonjpmw/Build/Intermediates.noindex/ManualBox.build/Debug/ManualBoxTests.build/DerivedSources/arm64 -Xcc -I/Users/peter_us/Library/Developer/Xcode/DerivedData/ManualBox-deaeebpyffrazpbischepzonjpmw/Build/Intermediates.noindex/ManualBox.build/Debug/ManualBoxTests.build/DerivedSources -Xcc -DDEBUG\=1 -emit-objc-header -emit-objc-header-path /Users/peter_us/Library/Developer/Xcode/DerivedData/ManualBox-deaeebpyffrazpbischepzonjpmw/Build/Intermediates.noindex/ManualBox.build/Debug/ManualBoxTests.build/Objects-normal/arm64/ManualBoxTests-Swift.h -working-directory /Users/peter_us/Desktop/Github/manualbox -experimental-emit-module-separately -disable-cmo

Ld /Users/peter_us/Library/Developer/Xcode/DerivedData/ManualBox-deaeebpyffrazpbischepzonjpmw/Build/Products/Debug/ManualBox.app/Contents/PlugIns/ManualBoxTests.xctest/Contents/MacOS/ManualBoxTests normal (in target 'ManualBoxTests' from project 'ManualBox')
    cd /Users/peter_us/Desktop/Github/manualbox
    /Applications/Xcode.app/Contents/Developer/Toolchains/XcodeDefault.xctoolchain/usr/bin/clang -Xlinker -reproducible -target arm64-apple-macos15.4 -bundle -isysroot /Applications/Xcode.app/Contents/Developer/Platforms/MacOSX.platform/Developer/SDKs/MacOSX15.5.sdk -O0 -L/Users/peter_us/Library/Developer/Xcode/DerivedData/ManualBox-deaeebpyffrazpbischepzonjpmw/Build/Intermediates.noindex/EagerLinkingTBDs/Debug -L/Users/peter_us/Library/Developer/Xcode/DerivedData/ManualBox-deaeebpyffrazpbischepzonjpmw/Build/Products/Debug -L/Applications/Xcode.app/Contents/Developer/Platforms/MacOSX.platform/Developer/usr/lib -F/Users/peter_us/Library/Developer/Xcode/DerivedData/ManualBox-deaeebpyffrazpbischepzonjpmw/Build/Intermediates.noindex/EagerLinkingTBDs/Debug -F/Users/peter_us/Library/Developer/Xcode/DerivedData/ManualBox-deaeebpyffrazpbischepzonjpmw/Build/Products/Debug -iframework /Applications/Xcode.app/Contents/Developer/Platforms/MacOSX.platform/Developer/Library/Frameworks -filelist /Users/peter_us/Library/Developer/Xcode/DerivedData/ManualBox-deaeebpyffrazpbischepzonjpmw/Build/Intermediates.noindex/ManualBox.build/Debug/ManualBoxTests.build/Objects-normal/arm64/ManualBoxTests.LinkFileList -Xlinker -rpath -Xlinker @loader_path/../Frameworks -Xlinker -rpath -Xlinker @executable_path/../Frameworks -dead_strip -bundle_loader /Users/peter_us/Library/Developer/Xcode/DerivedData/ManualBox-deaeebpyffrazpbischepzonjpmw/Build/Products/Debug/ManualBox.app/Contents/MacOS/ManualBox -Xlinker -object_path_lto -Xlinker /Users/peter_us/Library/Developer/Xcode/DerivedData/ManualBox-deaeebpyffrazpbischepzonjpmw/Build/Intermediates.noindex/ManualBox.build/Debug/ManualBoxTests.build/Objects-normal/arm64/ManualBoxTests_lto.o -rdynamic -Xlinker -no_deduplicate -Xlinker -debug_variant -Xlinker -dependency_info -Xlinker /Users/peter_us/Library/Developer/Xcode/DerivedData/ManualBox-deaeebpyffrazpbischepzonjpmw/Build/Intermediates.noindex/ManualBox.build/Debug/ManualBoxTests.build/Objects-normal/arm64/ManualBoxTests_dependency_info.dat -fobjc-link-runtime -fprofile-instr-generate -L/Applications/Xcode.app/Contents/Developer/Toolchains/XcodeDefault.xctoolchain/usr/lib/swift/macosx -L/usr/lib/swift -Xlinker -add_ast_path -Xlinker /Users/peter_us/Library/Developer/Xcode/DerivedData/ManualBox-deaeebpyffrazpbischepzonjpmw/Build/Intermediates.noindex/ManualBox.build/Debug/ManualBoxTests.build/Objects-normal/arm64/ManualBoxTests.swiftmodule -framework XCTest -lXCTestSwiftSupport /Users/peter_us/Library/Developer/Xcode/DerivedData/ManualBox-deaeebpyffrazpbischepzonjpmw/Build/Products/Debug/ManualBox.app/Contents/MacOS/ManualBox.debug.dylib -Xlinker -no_adhoc_codesign -o /Users/peter_us/Library/Developer/Xcode/DerivedData/ManualBox-deaeebpyffrazpbischepzonjpmw/Build/Products/Debug/ManualBox.app/Contents/PlugIns/ManualBoxTests.xctest/Contents/MacOS/ManualBoxTests

CopySwiftLibs /Users/peter_us/Library/Developer/Xcode/DerivedData/ManualBox-deaeebpyffrazpbischepzonjpmw/Build/Products/Debug/ManualBox.app/Contents/PlugIns/ManualBoxTests.xctest (in target 'ManualBoxTests' from project 'ManualBox')
    cd /Users/peter_us/Desktop/Github/manualbox
    builtin-swiftStdLibTool --copy --verbose --sign 8B788B0751882B455F252C0BE7C6E82CF3F897FF --scan-executable /Users/peter_us/Library/Developer/Xcode/DerivedData/ManualBox-deaeebpyffrazpbischepzonjpmw/Build/Products/Debug/ManualBox.app/Contents/PlugIns/ManualBoxTests.xctest/Contents/MacOS/ManualBoxTests --scan-folder /Users/peter_us/Library/Developer/Xcode/DerivedData/ManualBox-deaeebpyffrazpbischepzonjpmw/Build/Products/Debug/ManualBox.app/Contents/PlugIns/ManualBoxTests.xctest/Contents/Frameworks --scan-folder /Users/peter_us/Library/Developer/Xcode/DerivedData/ManualBox-deaeebpyffrazpbischepzonjpmw/Build/Products/Debug/ManualBox.app/Contents/PlugIns/ManualBoxTests.xctest/Contents/PlugIns --scan-folder /Users/peter_us/Library/Developer/Xcode/DerivedData/ManualBox-deaeebpyffrazpbischepzonjpmw/Build/Products/Debug/ManualBox.app/Contents/PlugIns/ManualBoxTests.xctest/Contents/Library/SystemExtensions --scan-folder /Users/peter_us/Library/Developer/Xcode/DerivedData/ManualBox-deaeebpyffrazpbischepzonjpmw/Build/Products/Debug/ManualBox.app/Contents/PlugIns/ManualBoxTests.xctest/Contents/Extensions --platform macosx --toolchain /Applications/Xcode.app/Contents/Developer/Toolchains/XcodeDefault.xctoolchain --destination /Users/peter_us/Library/Developer/Xcode/DerivedData/ManualBox-deaeebpyffrazpbischepzonjpmw/Build/Products/Debug/ManualBox.app/Contents/PlugIns/ManualBoxTests.xctest/Contents/Frameworks --strip-bitcode --scan-executable /Applications/Xcode.app/Contents/Developer/Platforms/MacOSX.platform/Developer/usr/lib/libXCTestSwiftSupport.dylib --strip-bitcode-tool /Applications/Xcode.app/Contents/Developer/Toolchains/XcodeDefault.xctoolchain/usr/bin/bitcode_strip --emit-dependency-info /Users/peter_us/Library/Developer/Xcode/DerivedData/ManualBox-deaeebpyffrazpbischepzonjpmw/Build/Intermediates.noindex/ManualBox.build/Debug/ManualBoxTests.build/SwiftStdLibToolInputDependencies.dep --filter-for-swift-os

ExtractAppIntentsMetadata (in target 'ManualBoxTests' from project 'ManualBox')
    cd /Users/peter_us/Desktop/Github/manualbox
    /Applications/Xcode.app/Contents/Developer/Toolchains/XcodeDefault.xctoolchain/usr/bin/appintentsmetadataprocessor --toolchain-dir /Applications/Xcode.app/Contents/Developer/Toolchains/XcodeDefault.xctoolchain --module-name ManualBoxTests --sdk-root /Applications/Xcode.app/Contents/Developer/Platforms/MacOSX.platform/Developer/SDKs/MacOSX15.5.sdk --xcode-version 16F6 --platform-family macOS --deployment-target 15.4 --bundle-identifier com.peter.ManualBoxTests --output /Users/peter_us/Library/Developer/Xcode/DerivedData/ManualBox-deaeebpyffrazpbischepzonjpmw/Build/Products/Debug/ManualBox.app/Contents/PlugIns/ManualBoxTests.xctest/Contents/Resources --target-triple arm64-apple-macos15.4 --binary-file /Users/peter_us/Library/Developer/Xcode/DerivedData/ManualBox-deaeebpyffrazpbischepzonjpmw/Build/Products/Debug/ManualBox.app/Contents/PlugIns/ManualBoxTests.xctest/Contents/MacOS/ManualBoxTests --dependency-file /Users/peter_us/Library/Developer/Xcode/DerivedData/ManualBox-deaeebpyffrazpbischepzonjpmw/Build/Intermediates.noindex/ManualBox.build/Debug/ManualBoxTests.build/Objects-normal/arm64/ManualBoxTests_dependency_info.dat --stringsdata-file /Users/peter_us/Library/Developer/Xcode/DerivedData/ManualBox-deaeebpyffrazpbischepzonjpmw/Build/Intermediates.noindex/ManualBox.build/Debug/ManualBoxTests.build/Objects-normal/arm64/ExtractedAppShortcutsMetadata.stringsdata --source-file-list /Users/peter_us/Library/Developer/Xcode/DerivedData/ManualBox-deaeebpyffrazpbischepzonjpmw/Build/Intermediates.noindex/ManualBox.build/Debug/ManualBoxTests.build/Objects-normal/arm64/ManualBoxTests.SwiftFileList --metadata-file-list /Users/peter_us/Library/Developer/Xcode/DerivedData/ManualBox-deaeebpyffrazpbischepzonjpmw/Build/Intermediates.noindex/ManualBox.build/Debug/ManualBoxTests.build/ManualBoxTests.DependencyMetadataFileList --static-metadata-file-list /Users/peter_us/Library/Developer/Xcode/DerivedData/ManualBox-deaeebpyffrazpbischepzonjpmw/Build/Intermediates.noindex/ManualBox.build/Debug/ManualBoxTests.build/ManualBoxTests.DependencyStaticMetadataFileList --swift-const-vals-list /Users/peter_us/Library/Developer/Xcode/DerivedData/ManualBox-deaeebpyffrazpbischepzonjpmw/Build/Intermediates.noindex/ManualBox.build/Debug/ManualBoxTests.build/Objects-normal/arm64/ManualBoxTests.SwiftConstValuesFileList --compile-time-extraction --deployment-aware-processing --validate-assistant-intents --no-app-shortcuts-localization
2025-06-19 01:43:38.293 appintentsmetadataprocessor[49066:825355] Starting appintentsmetadataprocessor export
2025-06-19 01:43:38.294 appintentsmetadataprocessor[49066:825355] warning: Metadata extraction skipped. No AppIntents.framework dependency found.

CodeSign /Users/peter_us/Library/Developer/Xcode/DerivedData/ManualBox-deaeebpyffrazpbischepzonjpmw/Build/Products/Debug/ManualBox.app/Contents/PlugIns/ManualBoxTests.xctest (in target 'ManualBoxTests' from project 'ManualBox')
    cd /Users/peter_us/Desktop/Github/manualbox
    
    Signing Identity:     "Apple Development: YONG ZHANG (XXBYV392XY)"
    
    /usr/bin/codesign --force --sign 8B788B0751882B455F252C0BE7C6E82CF3F897FF --timestamp\=none --generate-entitlement-der /Users/peter_us/Library/Developer/Xcode/DerivedData/ManualBox-deaeebpyffrazpbischepzonjpmw/Build/Products/Debug/ManualBox.app/Contents/PlugIns/ManualBoxTests.xctest

RegisterExecutionPolicyException /Users/peter_us/Library/Developer/Xcode/DerivedData/ManualBox-deaeebpyffrazpbischepzonjpmw/Build/Products/Debug/ManualBox.app/Contents/PlugIns/ManualBoxTests.xctest (in target 'ManualBoxTests' from project 'ManualBox')
    cd /Users/peter_us/Desktop/Github/manualbox
    builtin-RegisterExecutionPolicyException /Users/peter_us/Library/Developer/Xcode/DerivedData/ManualBox-deaeebpyffrazpbischepzonjpmw/Build/Products/Debug/ManualBox.app/Contents/PlugIns/ManualBoxTests.xctest

Touch /Users/peter_us/Library/Developer/Xcode/DerivedData/ManualBox-deaeebpyffrazpbischepzonjpmw/Build/Products/Debug/ManualBox.app/Contents/PlugIns/ManualBoxTests.xctest (in target 'ManualBoxTests' from project 'ManualBox')
    cd /Users/peter_us/Desktop/Github/manualbox
    /usr/bin/touch -c /Users/peter_us/Library/Developer/Xcode/DerivedData/ManualBox-deaeebpyffrazpbischepzonjpmw/Build/Products/Debug/ManualBox.app/Contents/PlugIns/ManualBoxTests.xctest

CodeSign /Users/peter_us/Library/Developer/Xcode/DerivedData/ManualBox-deaeebpyffrazpbischepzonjpmw/Build/Products/Debug/ManualBox.app/Contents/MacOS/ManualBox.debug.dylib (in target 'ManualBox' from project 'ManualBox')
    cd /Users/peter_us/Desktop/Github/manualbox
    
    Signing Identity:     "Apple Development: YONG ZHANG (XXBYV392XY)"
    Provisioning Profile: "Mac Team Provisioning Profile: com.peter.ManualBox"
                          (7643d90c-1a6a-454a-ae79-61fea383b856)
    
    /usr/bin/codesign --force --sign 8B788B0751882B455F252C0BE7C6E82CF3F897FF -o runtime --timestamp\=none --generate-entitlement-der /Users/peter_us/Library/Developer/Xcode/DerivedData/ManualBox-deaeebpyffrazpbischepzonjpmw/Build/Products/Debug/ManualBox.app/Contents/MacOS/ManualBox.debug.dylib

CodeSign /Users/peter_us/Library/Developer/Xcode/DerivedData/ManualBox-deaeebpyffrazpbischepzonjpmw/Build/Products/Debug/ManualBox.app/Contents/MacOS/__preview.dylib (in target 'ManualBox' from project 'ManualBox')
    cd /Users/peter_us/Desktop/Github/manualbox
    
    Signing Identity:     "Apple Development: YONG ZHANG (XXBYV392XY)"
    Provisioning Profile: "Mac Team Provisioning Profile: com.peter.ManualBox"
                          (7643d90c-1a6a-454a-ae79-61fea383b856)
    
    /usr/bin/codesign --force --sign 8B788B0751882B455F252C0BE7C6E82CF3F897FF -o runtime --timestamp\=none --generate-entitlement-der /Users/peter_us/Library/Developer/Xcode/DerivedData/ManualBox-deaeebpyffrazpbischepzonjpmw/Build/Products/Debug/ManualBox.app/Contents/MacOS/__preview.dylib
/Users/peter_us/Library/Developer/Xcode/DerivedData/ManualBox-deaeebpyffrazpbischepzonjpmw/Build/Products/Debug/ManualBox.app/Contents/MacOS/__preview.dylib: replacing existing signature

CodeSign /Users/peter_us/Library/Developer/Xcode/DerivedData/ManualBox-deaeebpyffrazpbischepzonjpmw/Build/Products/Debug/ManualBox.app (in target 'ManualBox' from project 'ManualBox')
    cd /Users/peter_us/Desktop/Github/manualbox
    
    Signing Identity:     "Apple Development: YONG ZHANG (XXBYV392XY)"
    Provisioning Profile: "Mac Team Provisioning Profile: com.peter.ManualBox"
                          (7643d90c-1a6a-454a-ae79-61fea383b856)
    
    /usr/bin/codesign --force --sign 8B788B0751882B455F252C0BE7C6E82CF3F897FF -o runtime --entitlements /Users/peter_us/Library/Developer/Xcode/DerivedData/ManualBox-deaeebpyffrazpbischepzonjpmw/Build/Intermediates.noindex/ManualBox.build/Debug/ManualBox.build/ManualBox.app.xcent --timestamp\=none --generate-entitlement-der /Users/peter_us/Library/Developer/Xcode/DerivedData/ManualBox-deaeebpyffrazpbischepzonjpmw/Build/Products/Debug/ManualBox.app

Validate /Users/peter_us/Library/Developer/Xcode/DerivedData/ManualBox-deaeebpyffrazpbischepzonjpmw/Build/Products/Debug/ManualBox.app (in target 'ManualBox' from project 'ManualBox')
    cd /Users/peter_us/Desktop/Github/manualbox
    builtin-validationUtility /Users/peter_us/Library/Developer/Xcode/DerivedData/ManualBox-deaeebpyffrazpbischepzonjpmw/Build/Products/Debug/ManualBox.app -no-validate-extension -infoplist-subpath Contents/Info.plist

RegisterWithLaunchServices /Users/peter_us/Library/Developer/Xcode/DerivedData/ManualBox-deaeebpyffrazpbischepzonjpmw/Build/Products/Debug/ManualBox.app (in target 'ManualBox' from project 'ManualBox')
    cd /Users/peter_us/Desktop/Github/manualbox
    /System/Library/Frameworks/CoreServices.framework/Versions/Current/Frameworks/LaunchServices.framework/Versions/Current/Support/lsregister -f -R -trusted /Users/peter_us/Library/Developer/Xcode/DerivedData/ManualBox-deaeebpyffrazpbischepzonjpmw/Build/Products/Debug/ManualBox.app

ProcessInfoPlistFile /Users/peter_us/Library/Developer/Xcode/DerivedData/ManualBox-deaeebpyffrazpbischepzonjpmw/Build/Products/Debug/ManualBoxUITests-Runner.app/Contents/PlugIns/ManualBoxUITests.xctest/Contents/Info.plist /Users/peter_us/Library/Developer/Xcode/DerivedData/ManualBox-deaeebpyffrazpbischepzonjpmw/Build/Intermediates.noindex/ManualBox.build/Debug/ManualBoxUITests.build/empty-ManualBoxUITests.plist (in target 'ManualBoxUITests' from project 'ManualBox')
    cd /Users/peter_us/Desktop/Github/manualbox
    builtin-infoPlistUtility /Users/peter_us/Library/Developer/Xcode/DerivedData/ManualBox-deaeebpyffrazpbischepzonjpmw/Build/Intermediates.noindex/ManualBox.build/Debug/ManualBoxUITests.build/empty-ManualBoxUITests.plist -producttype com.apple.product-type.bundle.ui-testing -expandbuildsettings -platform macosx -additionalcontentfile /Users/peter_us/Library/Developer/Xcode/DerivedData/ManualBox-deaeebpyffrazpbischepzonjpmw/Build/Intermediates.noindex/ManualBox.build/Debug/ManualBoxUITests.build/ProductTypeInfoPlistAdditions.plist -o /Users/peter_us/Library/Developer/Xcode/DerivedData/ManualBox-deaeebpyffrazpbischepzonjpmw/Build/Products/Debug/ManualBoxUITests-Runner.app/Contents/PlugIns/ManualBoxUITests.xctest/Contents/Info.plist

Ld /Users/peter_us/Library/Developer/Xcode/DerivedData/ManualBox-deaeebpyffrazpbischepzonjpmw/Build/Products/Debug/ManualBoxUITests-Runner.app/Contents/PlugIns/ManualBoxUITests.xctest/Contents/MacOS/ManualBoxUITests normal (in target 'ManualBoxUITests' from project 'ManualBox')
    cd /Users/peter_us/Desktop/Github/manualbox
    /Applications/Xcode.app/Contents/Developer/Toolchains/XcodeDefault.xctoolchain/usr/bin/clang -Xlinker -reproducible -target arm64-apple-macos15.4 -bundle -isysroot /Applications/Xcode.app/Contents/Developer/Platforms/MacOSX.platform/Developer/SDKs/MacOSX15.5.sdk -O0 -L/Users/peter_us/Library/Developer/Xcode/DerivedData/ManualBox-deaeebpyffrazpbischepzonjpmw/Build/Intermediates.noindex/EagerLinkingTBDs/Debug -L/Users/peter_us/Library/Developer/Xcode/DerivedData/ManualBox-deaeebpyffrazpbischepzonjpmw/Build/Products/Debug -L/Applications/Xcode.app/Contents/Developer/Platforms/MacOSX.platform/Developer/usr/lib -F/Users/peter_us/Library/Developer/Xcode/DerivedData/ManualBox-deaeebpyffrazpbischepzonjpmw/Build/Intermediates.noindex/EagerLinkingTBDs/Debug -F/Users/peter_us/Library/Developer/Xcode/DerivedData/ManualBox-deaeebpyffrazpbischepzonjpmw/Build/Products/Debug -iframework /Applications/Xcode.app/Contents/Developer/Platforms/MacOSX.platform/Developer/Library/Frameworks -filelist /Users/peter_us/Library/Developer/Xcode/DerivedData/ManualBox-deaeebpyffrazpbischepzonjpmw/Build/Intermediates.noindex/ManualBox.build/Debug/ManualBoxUITests.build/Objects-normal/arm64/ManualBoxUITests.LinkFileList -Xlinker -rpath -Xlinker @loader_path/../Frameworks -dead_strip -Xlinker -object_path_lto -Xlinker /Users/peter_us/Library/Developer/Xcode/DerivedData/ManualBox-deaeebpyffrazpbischepzonjpmw/Build/Intermediates.noindex/ManualBox.build/Debug/ManualBoxUITests.build/Objects-normal/arm64/ManualBoxUITests_lto.o -rdynamic -Xlinker -no_deduplicate -Xlinker -debug_variant -Xlinker -dependency_info -Xlinker /Users/peter_us/Library/Developer/Xcode/DerivedData/ManualBox-deaeebpyffrazpbischepzonjpmw/Build/Intermediates.noindex/ManualBox.build/Debug/ManualBoxUITests.build/Objects-normal/arm64/ManualBoxUITests_dependency_info.dat -fobjc-link-runtime -fprofile-instr-generate -L/Applications/Xcode.app/Contents/Developer/Toolchains/XcodeDefault.xctoolchain/usr/lib/swift/macosx -L/usr/lib/swift -Xlinker -add_ast_path -Xlinker /Users/peter_us/Library/Developer/Xcode/DerivedData/ManualBox-deaeebpyffrazpbischepzonjpmw/Build/Intermediates.noindex/ManualBox.build/Debug/ManualBoxUITests.build/Objects-normal/arm64/ManualBoxUITests.swiftmodule -framework XCTest -lXCTestSwiftSupport -Xlinker -no_adhoc_codesign -o /Users/peter_us/Library/Developer/Xcode/DerivedData/ManualBox-deaeebpyffrazpbischepzonjpmw/Build/Products/Debug/ManualBoxUITests-Runner.app/Contents/PlugIns/ManualBoxUITests.xctest/Contents/MacOS/ManualBoxUITests

CopySwiftLibs /Users/peter_us/Library/Developer/Xcode/DerivedData/ManualBox-deaeebpyffrazpbischepzonjpmw/Build/Products/Debug/ManualBoxUITests-Runner.app/Contents/PlugIns/ManualBoxUITests.xctest (in target 'ManualBoxUITests' from project 'ManualBox')
    cd /Users/peter_us/Desktop/Github/manualbox
    builtin-swiftStdLibTool --copy --verbose --sign 8B788B0751882B455F252C0BE7C6E82CF3F897FF --scan-executable /Users/peter_us/Library/Developer/Xcode/DerivedData/ManualBox-deaeebpyffrazpbischepzonjpmw/Build/Products/Debug/ManualBoxUITests-Runner.app/Contents/PlugIns/ManualBoxUITests.xctest/Contents/MacOS/ManualBoxUITests --scan-folder /Users/peter_us/Library/Developer/Xcode/DerivedData/ManualBox-deaeebpyffrazpbischepzonjpmw/Build/Products/Debug/ManualBoxUITests-Runner.app/Contents/PlugIns/ManualBoxUITests.xctest/Contents/Frameworks --scan-folder /Users/peter_us/Library/Developer/Xcode/DerivedData/ManualBox-deaeebpyffrazpbischepzonjpmw/Build/Products/Debug/ManualBoxUITests-Runner.app/Contents/PlugIns/ManualBoxUITests.xctest/Contents/PlugIns --scan-folder /Users/peter_us/Library/Developer/Xcode/DerivedData/ManualBox-deaeebpyffrazpbischepzonjpmw/Build/Products/Debug/ManualBoxUITests-Runner.app/Contents/PlugIns/ManualBoxUITests.xctest/Contents/Library/SystemExtensions --scan-folder /Users/peter_us/Library/Developer/Xcode/DerivedData/ManualBox-deaeebpyffrazpbischepzonjpmw/Build/Products/Debug/ManualBoxUITests-Runner.app/Contents/PlugIns/ManualBoxUITests.xctest/Contents/Extensions --platform macosx --toolchain /Applications/Xcode.app/Contents/Developer/Toolchains/XcodeDefault.xctoolchain --destination /Users/peter_us/Library/Developer/Xcode/DerivedData/ManualBox-deaeebpyffrazpbischepzonjpmw/Build/Products/Debug/ManualBoxUITests-Runner.app/Contents/PlugIns/ManualBoxUITests.xctest/Contents/Frameworks --strip-bitcode --scan-executable /Applications/Xcode.app/Contents/Developer/Platforms/MacOSX.platform/Developer/usr/lib/libXCTestSwiftSupport.dylib --strip-bitcode-tool /Applications/Xcode.app/Contents/Developer/Toolchains/XcodeDefault.xctoolchain/usr/bin/bitcode_strip --emit-dependency-info /Users/peter_us/Library/Developer/Xcode/DerivedData/ManualBox-deaeebpyffrazpbischepzonjpmw/Build/Intermediates.noindex/ManualBox.build/Debug/ManualBoxUITests.build/SwiftStdLibToolInputDependencies.dep --filter-for-swift-os

ExtractAppIntentsMetadata (in target 'ManualBoxUITests' from project 'ManualBox')
    cd /Users/peter_us/Desktop/Github/manualbox
    /Applications/Xcode.app/Contents/Developer/Toolchains/XcodeDefault.xctoolchain/usr/bin/appintentsmetadataprocessor --toolchain-dir /Applications/Xcode.app/Contents/Developer/Toolchains/XcodeDefault.xctoolchain --module-name ManualBoxUITests --sdk-root /Applications/Xcode.app/Contents/Developer/Platforms/MacOSX.platform/Developer/SDKs/MacOSX15.5.sdk --xcode-version 16F6 --platform-family macOS --deployment-target 15.4 --bundle-identifier com.peter.ManualBoxUITests --output /Users/peter_us/Library/Developer/Xcode/DerivedData/ManualBox-deaeebpyffrazpbischepzonjpmw/Build/Products/Debug/ManualBoxUITests-Runner.app/Contents/PlugIns/ManualBoxUITests.xctest/Contents/Resources --target-triple arm64-apple-macos15.4 --binary-file /Users/peter_us/Library/Developer/Xcode/DerivedData/ManualBox-deaeebpyffrazpbischepzonjpmw/Build/Products/Debug/ManualBoxUITests-Runner.app/Contents/PlugIns/ManualBoxUITests.xctest/Contents/MacOS/ManualBoxUITests --dependency-file /Users/peter_us/Library/Developer/Xcode/DerivedData/ManualBox-deaeebpyffrazpbischepzonjpmw/Build/Intermediates.noindex/ManualBox.build/Debug/ManualBoxUITests.build/Objects-normal/arm64/ManualBoxUITests_dependency_info.dat --stringsdata-file /Users/peter_us/Library/Developer/Xcode/DerivedData/ManualBox-deaeebpyffrazpbischepzonjpmw/Build/Intermediates.noindex/ManualBox.build/Debug/ManualBoxUITests.build/Objects-normal/arm64/ExtractedAppShortcutsMetadata.stringsdata --source-file-list /Users/peter_us/Library/Developer/Xcode/DerivedData/ManualBox-deaeebpyffrazpbischepzonjpmw/Build/Intermediates.noindex/ManualBox.build/Debug/ManualBoxUITests.build/Objects-normal/arm64/ManualBoxUITests.SwiftFileList --metadata-file-list /Users/peter_us/Library/Developer/Xcode/DerivedData/ManualBox-deaeebpyffrazpbischepzonjpmw/Build/Intermediates.noindex/ManualBox.build/Debug/ManualBoxUITests.build/ManualBoxUITests.DependencyMetadataFileList --static-metadata-file-list /Users/peter_us/Library/Developer/Xcode/DerivedData/ManualBox-deaeebpyffrazpbischepzonjpmw/Build/Intermediates.noindex/ManualBox.build/Debug/ManualBoxUITests.build/ManualBoxUITests.DependencyStaticMetadataFileList --swift-const-vals-list /Users/peter_us/Library/Developer/Xcode/DerivedData/ManualBox-deaeebpyffrazpbischepzonjpmw/Build/Intermediates.noindex/ManualBox.build/Debug/ManualBoxUITests.build/Objects-normal/arm64/ManualBoxUITests.SwiftConstValuesFileList --compile-time-extraction --deployment-aware-processing --validate-assistant-intents --no-app-shortcuts-localization
2025-06-19 01:43:38.611 appintentsmetadataprocessor[49075:825422] Starting appintentsmetadataprocessor export
2025-06-19 01:43:38.612 appintentsmetadataprocessor[49075:825422] warning: Metadata extraction skipped. No AppIntents.framework dependency found.

Copy /Users/peter_us/Library/Developer/Xcode/DerivedData/ManualBox-deaeebpyffrazpbischepzonjpmw/Build/Products/Debug/ManualBoxUITests-Runner.app/Contents/PkgInfo /Applications/Xcode.app/Contents/Developer/Platforms/MacOSX.platform/Developer/Library/Xcode/Agents/XCTRunner.app/Contents/PkgInfo (in target 'ManualBoxUITests' from project 'ManualBox')
    cd /Users/peter_us/Desktop/Github/manualbox
    builtin-copy -exclude .DS_Store -exclude CVS -exclude .svn -exclude .git -exclude .hg -resolve-src-symlinks /Applications/Xcode.app/Contents/Developer/Platforms/MacOSX.platform/Developer/Library/Xcode/Agents/XCTRunner.app/Contents/PkgInfo /Users/peter_us/Library/Developer/Xcode/DerivedData/ManualBox-deaeebpyffrazpbischepzonjpmw/Build/Products/Debug/ManualBoxUITests-Runner.app/Contents

CopyPlistFile /Users/peter_us/Library/Developer/Xcode/DerivedData/ManualBox-deaeebpyffrazpbischepzonjpmw/Build/Products/Debug/ManualBoxUITests-Runner.app/Contents/Info.plist /Applications/Xcode.app/Contents/Developer/Platforms/MacOSX.platform/Developer/Library/Xcode/Agents/XCTRunner.app/Contents/Info.plist (in target 'ManualBoxUITests' from project 'ManualBox')
    cd /Users/peter_us/Desktop/Github/manualbox
    builtin-copyPlist --validate --convert xml1 --macro-expansion WRAPPEDPRODUCTNAME ManualBoxUITests-Runner --macro-expansion WRAPPEDPRODUCTBUNDLEIDENTIFIER com.peter.ManualBoxUITests.xctrunner --macro-expansion TESTPRODUCTNAME ManualBoxUITests --macro-expansion TESTPRODUCTBUNDLEIDENTIFIER com.peter.ManualBoxUITests --copy-value UIDeviceFamily /Users/peter_us/Library/Developer/Xcode/DerivedData/ManualBox-deaeebpyffrazpbischepzonjpmw/Build/Products/Debug/ManualBoxUITests-Runner.app/Contents/PlugIns/ManualBoxUITests.xctest/Contents/Info.plist --outdir /Users/peter_us/Library/Developer/Xcode/DerivedData/ManualBox-deaeebpyffrazpbischepzonjpmw/Build/Products/Debug/ManualBoxUITests-Runner.app/Contents -- /Applications/Xcode.app/Contents/Developer/Platforms/MacOSX.platform/Developer/Library/Xcode/Agents/XCTRunner.app/Contents/Info.plist

CopyAndPreserveArchs /Users/peter_us/Library/Developer/Xcode/DerivedData/ManualBox-deaeebpyffrazpbischepzonjpmw/Build/Products/Debug/ManualBoxUITests-Runner.app/Contents/MacOS/ManualBoxUITests-Runner (in target 'ManualBoxUITests' from project 'ManualBox')
    cd /Users/peter_us/Desktop/Github/manualbox
    /Applications/Xcode.app/Contents/Developer/Toolchains/XcodeDefault.xctoolchain/usr/bin/lipo /Applications/Xcode.app/Contents/Developer/Platforms/MacOSX.platform/Developer/Library/Xcode/Agents/XCTRunner.app/Contents/MacOS/XCTRunner -output /Users/peter_us/Library/Developer/Xcode/DerivedData/ManualBox-deaeebpyffrazpbischepzonjpmw/Build/Products/Debug/ManualBoxUITests-Runner.app/Contents/MacOS/ManualBoxUITests-Runner -extract arm64

Copy /Users/peter_us/Library/Developer/Xcode/DerivedData/ManualBox-deaeebpyffrazpbischepzonjpmw/Build/Products/Debug/ManualBoxUITests-Runner.app/Contents/Frameworks/XCUIAutomation.framework /Applications/Xcode.app/Contents/Developer/Platforms/MacOSX.platform/Developer/Library/Frameworks/XCUIAutomation.framework (in target 'ManualBoxUITests' from project 'ManualBox')
    cd /Users/peter_us/Desktop/Github/manualbox
    builtin-copy -exclude .DS_Store -exclude CVS -exclude .svn -exclude .git -exclude .hg -exclude Headers -exclude PrivateHeaders -exclude Modules -exclude \*.tbd -resolve-src-symlinks /Applications/Xcode.app/Contents/Developer/Platforms/MacOSX.platform/Developer/Library/Frameworks/XCUIAutomation.framework /Users/peter_us/Library/Developer/Xcode/DerivedData/ManualBox-deaeebpyffrazpbischepzonjpmw/Build/Products/Debug/ManualBoxUITests-Runner.app/Contents/Frameworks

Copy /Users/peter_us/Library/Developer/Xcode/DerivedData/ManualBox-deaeebpyffrazpbischepzonjpmw/Build/Products/Debug/ManualBoxUITests-Runner.app/Contents/Frameworks/libXCTestSwiftSupport.dylib /Applications/Xcode.app/Contents/Developer/Platforms/MacOSX.platform/Developer/usr/lib/libXCTestSwiftSupport.dylib (in target 'ManualBoxUITests' from project 'ManualBox')
    cd /Users/peter_us/Desktop/Github/manualbox
    builtin-copy -exclude .DS_Store -exclude CVS -exclude .svn -exclude .git -exclude .hg -exclude Headers -exclude PrivateHeaders -exclude Modules -exclude \*.tbd -resolve-src-symlinks /Applications/Xcode.app/Contents/Developer/Platforms/MacOSX.platform/Developer/usr/lib/libXCTestSwiftSupport.dylib /Users/peter_us/Library/Developer/Xcode/DerivedData/ManualBox-deaeebpyffrazpbischepzonjpmw/Build/Products/Debug/ManualBoxUITests-Runner.app/Contents/Frameworks

Copy /Users/peter_us/Library/Developer/Xcode/DerivedData/ManualBox-deaeebpyffrazpbischepzonjpmw/Build/Products/Debug/ManualBoxUITests-Runner.app/Contents/Frameworks/XCTestCore.framework /Applications/Xcode.app/Contents/Developer/Platforms/MacOSX.platform/Developer/Library/PrivateFrameworks/XCTestCore.framework (in target 'ManualBoxUITests' from project 'ManualBox')
    cd /Users/peter_us/Desktop/Github/manualbox
    builtin-copy -exclude .DS_Store -exclude CVS -exclude .svn -exclude .git -exclude .hg -exclude Headers -exclude PrivateHeaders -exclude Modules -exclude \*.tbd -resolve-src-symlinks /Applications/Xcode.app/Contents/Developer/Platforms/MacOSX.platform/Developer/Library/PrivateFrameworks/XCTestCore.framework /Users/peter_us/Library/Developer/Xcode/DerivedData/ManualBox-deaeebpyffrazpbischepzonjpmw/Build/Products/Debug/ManualBoxUITests-Runner.app/Contents/Frameworks

Copy /Users/peter_us/Library/Developer/Xcode/DerivedData/ManualBox-deaeebpyffrazpbischepzonjpmw/Build/Products/Debug/ManualBoxUITests-Runner.app/Contents/Frameworks/XCTAutomationSupport.framework /Applications/Xcode.app/Contents/Developer/Platforms/MacOSX.platform/Developer/Library/PrivateFrameworks/XCTAutomationSupport.framework (in target 'ManualBoxUITests' from project 'ManualBox')
    cd /Users/peter_us/Desktop/Github/manualbox
    builtin-copy -exclude .DS_Store -exclude CVS -exclude .svn -exclude .git -exclude .hg -exclude Headers -exclude PrivateHeaders -exclude Modules -exclude \*.tbd -resolve-src-symlinks /Applications/Xcode.app/Contents/Developer/Platforms/MacOSX.platform/Developer/Library/PrivateFrameworks/XCTAutomationSupport.framework /Users/peter_us/Library/Developer/Xcode/DerivedData/ManualBox-deaeebpyffrazpbischepzonjpmw/Build/Products/Debug/ManualBoxUITests-Runner.app/Contents/Frameworks

Copy /Users/peter_us/Library/Developer/Xcode/DerivedData/ManualBox-deaeebpyffrazpbischepzonjpmw/Build/Products/Debug/ManualBoxUITests-Runner.app/Contents/Frameworks/XCUnit.framework /Applications/Xcode.app/Contents/Developer/Platforms/MacOSX.platform/Developer/Library/PrivateFrameworks/XCUnit.framework (in target 'ManualBoxUITests' from project 'ManualBox')
    cd /Users/peter_us/Desktop/Github/manualbox
    builtin-copy -exclude .DS_Store -exclude CVS -exclude .svn -exclude .git -exclude .hg -exclude Headers -exclude PrivateHeaders -exclude Modules -exclude \*.tbd -resolve-src-symlinks /Applications/Xcode.app/Contents/Developer/Platforms/MacOSX.platform/Developer/Library/PrivateFrameworks/XCUnit.framework /Users/peter_us/Library/Developer/Xcode/DerivedData/ManualBox-deaeebpyffrazpbischepzonjpmw/Build/Products/Debug/ManualBoxUITests-Runner.app/Contents/Frameworks

Copy /Users/peter_us/Library/Developer/Xcode/DerivedData/ManualBox-deaeebpyffrazpbischepzonjpmw/Build/Products/Debug/ManualBoxUITests-Runner.app/Contents/Frameworks/Testing.framework /Applications/Xcode.app/Contents/Developer/Platforms/MacOSX.platform/Developer/Library/Frameworks/Testing.framework (in target 'ManualBoxUITests' from project 'ManualBox')
    cd /Users/peter_us/Desktop/Github/manualbox
    builtin-copy -exclude .DS_Store -exclude CVS -exclude .svn -exclude .git -exclude .hg -exclude Headers -exclude PrivateHeaders -exclude Modules -exclude \*.tbd -resolve-src-symlinks /Applications/Xcode.app/Contents/Developer/Platforms/MacOSX.platform/Developer/Library/Frameworks/Testing.framework /Users/peter_us/Library/Developer/Xcode/DerivedData/ManualBox-deaeebpyffrazpbischepzonjpmw/Build/Products/Debug/ManualBoxUITests-Runner.app/Contents/Frameworks

MkDir /Users/peter_us/Library/Developer/Xcode/DerivedData/ManualBox-deaeebpyffrazpbischepzonjpmw/Build/Products/Debug/ManualBoxUITests-Runner.app (in target 'ManualBoxUITests' from project 'ManualBox')
    cd /Users/peter_us/Desktop/Github/manualbox
    /bin/mkdir -p /Users/peter_us/Library/Developer/Xcode/DerivedData/ManualBox-deaeebpyffrazpbischepzonjpmw/Build/Products/Debug/ManualBoxUITests-Runner.app

Copy /Users/peter_us/Library/Developer/Xcode/DerivedData/ManualBox-deaeebpyffrazpbischepzonjpmw/Build/Products/Debug/ManualBoxUITests-Runner.app/Contents/Frameworks/XCTestSupport.framework /Applications/Xcode.app/Contents/Developer/Platforms/MacOSX.platform/Developer/Library/PrivateFrameworks/XCTestSupport.framework (in target 'ManualBoxUITests' from project 'ManualBox')
    cd /Users/peter_us/Desktop/Github/manualbox
    builtin-copy -exclude .DS_Store -exclude CVS -exclude .svn -exclude .git -exclude .hg -exclude Headers -exclude PrivateHeaders -exclude Modules -exclude \*.tbd -resolve-src-symlinks /Applications/Xcode.app/Contents/Developer/Platforms/MacOSX.platform/Developer/Library/PrivateFrameworks/XCTestSupport.framework /Users/peter_us/Library/Developer/Xcode/DerivedData/ManualBox-deaeebpyffrazpbischepzonjpmw/Build/Products/Debug/ManualBoxUITests-Runner.app/Contents/Frameworks

Copy /Users/peter_us/Library/Developer/Xcode/DerivedData/ManualBox-deaeebpyffrazpbischepzonjpmw/Build/Products/Debug/ManualBoxUITests-Runner.app/Contents/Frameworks/XCTest.framework /Applications/Xcode.app/Contents/Developer/Platforms/MacOSX.platform/Developer/Library/Frameworks/XCTest.framework (in target 'ManualBoxUITests' from project 'ManualBox')
    cd /Users/peter_us/Desktop/Github/manualbox
    builtin-copy -exclude .DS_Store -exclude CVS -exclude .svn -exclude .git -exclude .hg -exclude Headers -exclude PrivateHeaders -exclude Modules -exclude \*.tbd -resolve-src-symlinks /Applications/Xcode.app/Contents/Developer/Platforms/MacOSX.platform/Developer/Library/Frameworks/XCTest.framework /Users/peter_us/Library/Developer/Xcode/DerivedData/ManualBox-deaeebpyffrazpbischepzonjpmw/Build/Products/Debug/ManualBoxUITests-Runner.app/Contents/Frameworks

CodeSign /Users/peter_us/Library/Developer/Xcode/DerivedData/ManualBox-deaeebpyffrazpbischepzonjpmw/Build/Products/Debug/ManualBoxUITests-Runner.app/Contents/PlugIns/ManualBoxUITests.xctest (in target 'ManualBoxUITests' from project 'ManualBox')
    cd /Users/peter_us/Desktop/Github/manualbox
    
    Signing Identity:     "Apple Development: YONG ZHANG (XXBYV392XY)"
    
    /usr/bin/codesign --force --sign 8B788B0751882B455F252C0BE7C6E82CF3F897FF --entitlements /Users/peter_us/Library/Developer/Xcode/DerivedData/ManualBox-deaeebpyffrazpbischepzonjpmw/Build/Intermediates.noindex/ManualBox.build/Debug/ManualBoxUITests.build/ManualBoxUITests.xctest.xcent --timestamp\=none --generate-entitlement-der /Users/peter_us/Library/Developer/Xcode/DerivedData/ManualBox-deaeebpyffrazpbischepzonjpmw/Build/Products/Debug/ManualBoxUITests-Runner.app/Contents/PlugIns/ManualBoxUITests.xctest

CodeSign /Users/peter_us/Library/Developer/Xcode/DerivedData/ManualBox-deaeebpyffrazpbischepzonjpmw/Build/Products/Debug/ManualBoxUITests-Runner.app/Contents/Frameworks/libXCTestSwiftSupport.dylib (in target 'ManualBoxUITests' from project 'ManualBox')
    cd /Users/peter_us/Desktop/Github/manualbox
    
    Signing Identity:     "Apple Development: YONG ZHANG (XXBYV392XY)"
    
    /usr/bin/codesign --force --sign 8B788B0751882B455F252C0BE7C6E82CF3F897FF --timestamp\=none --preserve-metadata\=identifier,entitlements,flags --generate-entitlement-der /Users/peter_us/Library/Developer/Xcode/DerivedData/ManualBox-deaeebpyffrazpbischepzonjpmw/Build/Products/Debug/ManualBoxUITests-Runner.app/Contents/Frameworks/libXCTestSwiftSupport.dylib
/Users/peter_us/Library/Developer/Xcode/DerivedData/ManualBox-deaeebpyffrazpbischepzonjpmw/Build/Products/Debug/ManualBoxUITests-Runner.app/Contents/Frameworks/libXCTestSwiftSupport.dylib: replacing existing signature

CodeSign /Users/peter_us/Library/Developer/Xcode/DerivedData/ManualBox-deaeebpyffrazpbischepzonjpmw/Build/Products/Debug/ManualBoxUITests-Runner.app/Contents/Frameworks/XCTest.framework (in target 'ManualBoxUITests' from project 'ManualBox')
    cd /Users/peter_us/Desktop/Github/manualbox
    
    Signing Identity:     "Apple Development: YONG ZHANG (XXBYV392XY)"
    
    /usr/bin/codesign --force --sign 8B788B0751882B455F252C0BE7C6E82CF3F897FF --timestamp\=none --preserve-metadata\=identifier,entitlements,flags --generate-entitlement-der /Users/peter_us/Library/Developer/Xcode/DerivedData/ManualBox-deaeebpyffrazpbischepzonjpmw/Build/Products/Debug/ManualBoxUITests-Runner.app/Contents/Frameworks/XCTest.framework
/Users/peter_us/Library/Developer/Xcode/DerivedData/ManualBox-deaeebpyffrazpbischepzonjpmw/Build/Products/Debug/ManualBoxUITests-Runner.app/Contents/Frameworks/XCTest.framework: replacing existing signature

CodeSign /Users/peter_us/Library/Developer/Xcode/DerivedData/ManualBox-deaeebpyffrazpbischepzonjpmw/Build/Products/Debug/ManualBoxUITests-Runner.app/Contents/Frameworks/XCTestSupport.framework (in target 'ManualBoxUITests' from project 'ManualBox')
    cd /Users/peter_us/Desktop/Github/manualbox
    
    Signing Identity:     "Apple Development: YONG ZHANG (XXBYV392XY)"
    
    /usr/bin/codesign --force --sign 8B788B0751882B455F252C0BE7C6E82CF3F897FF --timestamp\=none --preserve-metadata\=identifier,entitlements,flags --generate-entitlement-der /Users/peter_us/Library/Developer/Xcode/DerivedData/ManualBox-deaeebpyffrazpbischepzonjpmw/Build/Products/Debug/ManualBoxUITests-Runner.app/Contents/Frameworks/XCTestSupport.framework
/Users/peter_us/Library/Developer/Xcode/DerivedData/ManualBox-deaeebpyffrazpbischepzonjpmw/Build/Products/Debug/ManualBoxUITests-Runner.app/Contents/Frameworks/XCTestSupport.framework: replacing existing signature

CodeSign /Users/peter_us/Library/Developer/Xcode/DerivedData/ManualBox-deaeebpyffrazpbischepzonjpmw/Build/Products/Debug/ManualBoxUITests-Runner.app/Contents/Frameworks/XCUnit.framework (in target 'ManualBoxUITests' from project 'ManualBox')
    cd /Users/peter_us/Desktop/Github/manualbox
    
    Signing Identity:     "Apple Development: YONG ZHANG (XXBYV392XY)"
    
    /usr/bin/codesign --force --sign 8B788B0751882B455F252C0BE7C6E82CF3F897FF --timestamp\=none --preserve-metadata\=identifier,entitlements,flags --generate-entitlement-der /Users/peter_us/Library/Developer/Xcode/DerivedData/ManualBox-deaeebpyffrazpbischepzonjpmw/Build/Products/Debug/ManualBoxUITests-Runner.app/Contents/Frameworks/XCUnit.framework
/Users/peter_us/Library/Developer/Xcode/DerivedData/ManualBox-deaeebpyffrazpbischepzonjpmw/Build/Products/Debug/ManualBoxUITests-Runner.app/Contents/Frameworks/XCUnit.framework: replacing existing signature

CodeSign /Users/peter_us/Library/Developer/Xcode/DerivedData/ManualBox-deaeebpyffrazpbischepzonjpmw/Build/Products/Debug/ManualBoxUITests-Runner.app/Contents/Frameworks/XCTAutomationSupport.framework (in target 'ManualBoxUITests' from project 'ManualBox')
    cd /Users/peter_us/Desktop/Github/manualbox
    
    Signing Identity:     "Apple Development: YONG ZHANG (XXBYV392XY)"
    
    /usr/bin/codesign --force --sign 8B788B0751882B455F252C0BE7C6E82CF3F897FF --timestamp\=none --preserve-metadata\=identifier,entitlements,flags --generate-entitlement-der /Users/peter_us/Library/Developer/Xcode/DerivedData/ManualBox-deaeebpyffrazpbischepzonjpmw/Build/Products/Debug/ManualBoxUITests-Runner.app/Contents/Frameworks/XCTAutomationSupport.framework
/Users/peter_us/Library/Developer/Xcode/DerivedData/ManualBox-deaeebpyffrazpbischepzonjpmw/Build/Products/Debug/ManualBoxUITests-Runner.app/Contents/Frameworks/XCTAutomationSupport.framework: replacing existing signature

CodeSign /Users/peter_us/Library/Developer/Xcode/DerivedData/ManualBox-deaeebpyffrazpbischepzonjpmw/Build/Products/Debug/ManualBoxUITests-Runner.app/Contents/Frameworks/XCTestCore.framework (in target 'ManualBoxUITests' from project 'ManualBox')
    cd /Users/peter_us/Desktop/Github/manualbox
    
    Signing Identity:     "Apple Development: YONG ZHANG (XXBYV392XY)"
    
    /usr/bin/codesign --force --sign 8B788B0751882B455F252C0BE7C6E82CF3F897FF --timestamp\=none --preserve-metadata\=identifier,entitlements,flags --generate-entitlement-der /Users/peter_us/Library/Developer/Xcode/DerivedData/ManualBox-deaeebpyffrazpbischepzonjpmw/Build/Products/Debug/ManualBoxUITests-Runner.app/Contents/Frameworks/XCTestCore.framework
/Users/peter_us/Library/Developer/Xcode/DerivedData/ManualBox-deaeebpyffrazpbischepzonjpmw/Build/Products/Debug/ManualBoxUITests-Runner.app/Contents/Frameworks/XCTestCore.framework: replacing existing signature

CodeSign /Users/peter_us/Library/Developer/Xcode/DerivedData/ManualBox-deaeebpyffrazpbischepzonjpmw/Build/Products/Debug/ManualBoxUITests-Runner.app/Contents/Frameworks/XCUIAutomation.framework (in target 'ManualBoxUITests' from project 'ManualBox')
    cd /Users/peter_us/Desktop/Github/manualbox
    
    Signing Identity:     "Apple Development: YONG ZHANG (XXBYV392XY)"
    
    /usr/bin/codesign --force --sign 8B788B0751882B455F252C0BE7C6E82CF3F897FF --timestamp\=none --preserve-metadata\=identifier,entitlements,flags --generate-entitlement-der /Users/peter_us/Library/Developer/Xcode/DerivedData/ManualBox-deaeebpyffrazpbischepzonjpmw/Build/Products/Debug/ManualBoxUITests-Runner.app/Contents/Frameworks/XCUIAutomation.framework
/Users/peter_us/Library/Developer/Xcode/DerivedData/ManualBox-deaeebpyffrazpbischepzonjpmw/Build/Products/Debug/ManualBoxUITests-Runner.app/Contents/Frameworks/XCUIAutomation.framework: replacing existing signature

CodeSign /Users/peter_us/Library/Developer/Xcode/DerivedData/ManualBox-deaeebpyffrazpbischepzonjpmw/Build/Products/Debug/ManualBoxUITests-Runner.app/Contents/Frameworks/Testing.framework (in target 'ManualBoxUITests' from project 'ManualBox')
    cd /Users/peter_us/Desktop/Github/manualbox
    
    Signing Identity:     "Apple Development: YONG ZHANG (XXBYV392XY)"
    
    /usr/bin/codesign --force --sign 8B788B0751882B455F252C0BE7C6E82CF3F897FF --timestamp\=none --preserve-metadata\=identifier,entitlements,flags --generate-entitlement-der /Users/peter_us/Library/Developer/Xcode/DerivedData/ManualBox-deaeebpyffrazpbischepzonjpmw/Build/Products/Debug/ManualBoxUITests-Runner.app/Contents/Frameworks/Testing.framework
/Users/peter_us/Library/Developer/Xcode/DerivedData/ManualBox-deaeebpyffrazpbischepzonjpmw/Build/Products/Debug/ManualBoxUITests-Runner.app/Contents/Frameworks/Testing.framework: replacing existing signature

RegisterExecutionPolicyException /Users/peter_us/Library/Developer/Xcode/DerivedData/ManualBox-deaeebpyffrazpbischepzonjpmw/Build/Products/Debug/ManualBoxUITests-Runner.app/Contents/PlugIns/ManualBoxUITests.xctest (in target 'ManualBoxUITests' from project 'ManualBox')
    cd /Users/peter_us/Desktop/Github/manualbox
    builtin-RegisterExecutionPolicyException /Users/peter_us/Library/Developer/Xcode/DerivedData/ManualBox-deaeebpyffrazpbischepzonjpmw/Build/Products/Debug/ManualBoxUITests-Runner.app/Contents/PlugIns/ManualBoxUITests.xctest

Touch /Users/peter_us/Library/Developer/Xcode/DerivedData/ManualBox-deaeebpyffrazpbischepzonjpmw/Build/Products/Debug/ManualBoxUITests-Runner.app/Contents/PlugIns/ManualBoxUITests.xctest (in target 'ManualBoxUITests' from project 'ManualBox')
    cd /Users/peter_us/Desktop/Github/manualbox
    /usr/bin/touch -c /Users/peter_us/Library/Developer/Xcode/DerivedData/ManualBox-deaeebpyffrazpbischepzonjpmw/Build/Products/Debug/ManualBoxUITests-Runner.app/Contents/PlugIns/ManualBoxUITests.xctest

CodeSign /Users/peter_us/Library/Developer/Xcode/DerivedData/ManualBox-deaeebpyffrazpbischepzonjpmw/Build/Products/Debug/ManualBoxUITests-Runner.app (in target 'ManualBoxUITests' from project 'ManualBox')
    cd /Users/peter_us/Desktop/Github/manualbox
    
    Signing Identity:     "Apple Development: YONG ZHANG (XXBYV392XY)"
    
    /usr/bin/codesign --force --sign 8B788B0751882B455F252C0BE7C6E82CF3F897FF --entitlements /Users/peter_us/Library/Developer/Xcode/DerivedData/ManualBox-deaeebpyffrazpbischepzonjpmw/Build/Intermediates.noindex/ManualBox.build/Debug/ManualBoxUITests.build/ManualBoxUITests.xctest.xcent --timestamp\=none --generate-entitlement-der /Users/peter_us/Library/Developer/Xcode/DerivedData/ManualBox-deaeebpyffrazpbischepzonjpmw/Build/Products/Debug/ManualBoxUITests-Runner.app
/Users/peter_us/Library/Developer/Xcode/DerivedData/ManualBox-deaeebpyffrazpbischepzonjpmw/Build/Products/Debug/ManualBoxUITests-Runner.app: replacing existing signature

2025-06-19 01:43:40.369467+0800 ManualBoxUITests-Runner[49093:825518] [Default] Running tests...
2025-06-19 01:44:40.451572+0800 ManualBoxUITests-Runner[49093:825518] [Default] Failed to initialize for UI testing: Error Domain=com.apple.dt.XCTest.XCTFuture Code=1000 "Timed out while enabling automation mode." UserInfo={NSLocalizedDescription=Timed out while enabling automation mode.}


*** If you believe this error represents a bug, please attach the result bundle at /Users/peter_us/Library/Developer/Xcode/DerivedData/ManualBox-deaeebpyffrazpbischepzonjpmw/Logs/Test/Test-ManualBox-2025.06.19_01-43-25-+0800.xcresult

2025-06-19 01:44:45.948 xcodebuild[48993:824424] [MT] IDETestOperationsObserverDebug: 66.956 elapsed -- Testing started completed.
2025-06-19 01:44:45.948 xcodebuild[48993:824424] [MT] IDETestOperationsObserverDebug: 0.000 sec, +0.000 sec -- start
2025-06-19 01:44:45.948 xcodebuild[48993:824424] [MT] IDETestOperationsObserverDebug: 66.956 sec, +66.956 sec -- end

Test session results, code coverage, and logs:
	/Users/peter_us/Library/Developer/Xcode/DerivedData/ManualBox-deaeebpyffrazpbischepzonjpmw/Logs/Test/Test-ManualBox-2025.06.19_01-43-25-+0800.xcresult

Testing failed:
	ManualBoxUITests-Runner (49093) encountered an error (The test runner failed to initialize for UI testing. (Underlying Error: Timed out while enabling automation mode.))

Failing tests:
	PersistenceInitializationTests.testFirstTimeInitialization()
	PersistenceInitializationTests.testFirstTimeInitialization()
	PersistenceInitializationTests.testSampleDataCreation()

** TEST FAILED **

Testing started
Test suite 'ManualBoxTests' started on 'My Mac - ManualBox (49213)'
Test case 'ManualBoxTests/example()' passed on 'My Mac - ManualBox (49213)' (0.000 seconds)
Test suite 'PersistenceInitializationTests' started on 'My Mac - ManualBox (49213)'
Test case 'PersistenceInitializationTests.testFirstTimeInitialization()' failed on 'My Mac - ManualBox (49213)' (0.076 seconds)
Test case 'PersistenceInitializationTests.testInitializationFlag()' passed on 'My Mac - ManualBox (49213)' (0.004 seconds)
Test case 'PersistenceInitializationTests.testSampleDataCreation()' failed on 'My Mac - ManualBox (49213)' (0.004 seconds)
Test case 'PersistenceInitializationTests.testSampleDataNotDuplicated()' passed on 'My Mac - ManualBox (49213)' (0.003 seconds)
Test case 'PersistenceInitializationTests.testSubsequentInitializationSkipped()' passed on 'My Mac - ManualBox (49213)' (0.003 seconds)
